******************************************************************************
                  TI ARM Linker PC v18.12.1                    
******************************************************************************
>> Linked Sat Jun 22 23:07:09 2019

OUTPUT FILE NAME:   <empty_CC3220SF_LAUNCHXL_freertos_ccs.out>
ENTRY POINT SYMBOL: "resetISR"  address: 01007451


MEMORY CONFIGURATION

         name            origin    length      used     unused   attr    fill
----------------------  --------  ---------  --------  --------  ----  --------
  FLASH_HDR             01000000   000007ff  00000000  000007ff  R  X
  FLASH                 01000800   000ff800  000074c8  000f8338  R  X
  SRAM                  20000000   00040000  00009a8c  00036574  RW X


SEGMENT ALLOCATION MAP

run origin  load origin   length   init length attrs members
----------  ----------- ---------- ----------- ----- -------
01000800    01000800    000074d0   000074d0    r-x
  01000800    01000800    00000040   00000040    r-- .resetVecs
  01000840    01000840    00006e96   00006e96    r-x .text
  010076d8    010076d8    000004c2   000004c2    r-- .const
  01007ba0    01007ba0    00000130   00000130    r-- .cinit
2000030c    2000030c    00009380   00000000    rw-
  2000030c    2000030c    00008824   00000000    rw- .bss
  20008b30    20008b30    00000b5c   00000000    rw- .data
2003fc00    2003fc00    00000400   00000000    rw-
  2003fc00    2003fc00    00000400   00000000    rw- .stack


SECTION ALLOCATION MAP

 output                                  attributes/
section   page    origin      length       input sections
--------  ----  ----------  ----------   ----------------
.resetVecs 
*          0    01000800    00000040     
                  01000800    00000040     freertos_builds_CC3220SF_LAUNCHXL_release_ccs.lib : startup_cc32xx_ccs.obj (.resetVecs:retain)

.text      0    01000840    00006e96     
                  01000840    000004a4     freertos_builds_CC3220SF_LAUNCHXL_release_ccs.lib : SystemP_freertos.obj (.text:doPrint)
                  01000ce4    0000042c     driverlib.a : prcm.obj (.text:PRCMCC3200MCUInit)
                  01001110    00000278     drivers_cc32xx.aem4 : UARTCC32XX.oem4 (.text:UARTCC32XX_open)
                  01001388    000001d8                         : GPIOCC32XX.oem4 (.text:GPIO_setConfig)
                  01001560    000001d0     freertos_builds_CC3220SF_LAUNCHXL_release_ccs.lib : queue.obj (.text:xQueueSemaphoreTake)
                  01001730    000001b8                                                       : queue.obj (.text:xQueueGenericSend)
                  010018e8    000001b6     rtsv7M4_T_le_eabi.lib : fd_add_t2.asm.obj (.text)
                  01001a9e    00000002     display.aem4 : DisplayUart.oem4 (.text:DisplayUartMin_clear)
                  01001aa0    000001b0     freertos_builds_CC3220SF_LAUNCHXL_release_ccs.lib : PowerCC32XX_freertos.obj (.text:PowerCC32XX_sleepPolicy)
                  01001c50    0000017c                                                       : queue.obj (.text:xQueueReceive)
                  01001dcc    00000178                                                       : heap_4.obj (.text:pvPortMalloc)
                  01001f44    00000148     drivers_cc32xx.aem4 : PowerCC32XX.oem4 (.text:parkPins)
                  0100208c    00000138     freertos_builds_CC3220SF_LAUNCHXL_release_ccs.lib : pthread.obj (.text:pthread_create)
                  010021c4    00000138                                                       : tasks.obj (.text:xTaskIncrementTick)
                  010022fc    00000120     drivers_cc32xx.aem4 : UARTCC32XX.oem4 (.text:UARTCC32XX_close)
                  0100241c    0000011c                         : PowerCC32XX.oem4 (.text:Power_sleep)
                  01002538    0000011c     freertos_builds_CC3220SF_LAUNCHXL_release_ccs.lib : tasks.obj (.text:prvInitialiseNewTask)
                  01002654    0000011c                                                       : tasks.obj (.text:xTaskResumeAll)
                  01002770    00000118                                                       : timers.obj (.text:prvProcessReceivedCommands)
                  01002888    00000110                                                       : tasks.obj (.text:vTaskPriorityDisinheritAfterTimeout)
                  01002998    00000102                                                       : queue.obj (.text:xQueueGenericSendFromISR)
                  01002a9a    000000fc     rtsv7M4_T_le_eabi.lib : fd_mul_t2.asm.obj (.text)
                  01002b96    00000002     display.aem4 : DisplayUart.oem4 (.text:DisplayUartMin_clearLines)
                  01002b98    000000fc     freertos_builds_CC3220SF_LAUNCHXL_release_ccs.lib : tasks.obj (.text:vTaskSuspend)
                  01002c94    000000f8                                                       : tasks.obj (.text:vTaskDelete)
                  01002d8c    000000f2     drivers_cc32xx.aem4 : UARTCC32XX.oem4 (.text:UARTCC32XX_control)
                  01002e7e    000000ee     freertos_builds_CC3220SF_LAUNCHXL_release_ccs.lib : queue.obj (.text:xQueueGiveFromISR)
                  01002f6c    000000e8                                                       : tasks.obj (.text:xTaskPriorityInherit)
                  01003054    000000e0                                                       : tasks.obj (.text:xTaskPriorityDisinherit)
                  01003134    000000dc                                                       : tasks.obj (.text:vTaskSwitchContext)
                  01003210    000000d6                                                       : queue.obj (.text:xQueueReceiveFromISR)
                  010032e6    000000ca     drivers_cc32xx.aem4 : UARTCC32XX.oem4 (.text:UARTCC32XX_write)
                  010033b0    000000c4                         : GPIOCC32XX.oem4 (.text:GPIO_init)
                  01003474    000000c4     freertos_builds_CC3220SF_LAUNCHXL_release_ccs.lib : tasks.obj (.text:prvAddNewTaskToReadyList)
                  01003538    000000c0     drivers_cc32xx.aem4 : PowerCC32XX.oem4 (.text:restoreParkedPins)
                  010035f8    000000c0     freertos_builds_CC3220SF_LAUNCHXL_release_ccs.lib : port.obj (.text:xPortStartScheduler)
                  010036b8    000000be                                                       : queue.obj (.text:prvCopyDataToQueue)
                  01003776    00000002     display.aem4 : DisplayUart.oem4 (.text:DisplayUartMin_init)
                  01003778    000000bc     freertos_builds_CC3220SF_LAUNCHXL_release_ccs.lib : heap_4.obj (.text:prvHeapInit)
                  01003834    000000ba     drivers_cc32xx.aem4 : UARTCC32XX.oem4 (.text:UARTCC32XX_readPolling)
                  010038ee    00000002     driverlib.a : interrupt.obj (.text:IntDefaultHandler)
                  010038f0    000000ba     freertos_builds_CC3220SF_LAUNCHXL_release_ccs.lib : portasm.obj (.text)
                  010039aa    00000002                                                       : PowerCC32XX_freertos.obj (.text:PowerCC32XX_initPolicy)
                  010039ac    000000b8     drivers_cc32xx.aem4 : UARTCC32XX.oem4 (.text:initHw)
                  01003a64    000000b8     freertos_builds_CC3220SF_LAUNCHXL_release_ccs.lib : timers.obj (.text:prvSwitchTimerLists)
                  01003b1c    000000b8                                                       : queue.obj (.text:xQueueGenericReset)
                  01003bd4    000000b6                                                       : SystemP_freertos.obj (.text:formatNum)
                  01003c8a    000000b6     drivers_cc32xx.aem4 : UARTCC32XX.oem4 (.text:readTaskCallback)
                  01003d40    000000b0     freertos_builds_CC3220SF_LAUNCHXL_release_ccs.lib : tasks.obj (.text:prvAddCurrentTaskToDelayedList)
                  01003df0    000000b0                                                       : tasks.obj (.text:xTaskCheckForTimeOut)
                  01003ea0    000000ae     drivers_cc32xx.aem4 : UARTCC32XX.oem4 (.text:readIsrTextBlocking)
                  01003f4e    000000aa     freertos_builds_CC3220SF_LAUNCHXL_release_ccs.lib : queue.obj (.text:prvUnlockQueue)
                  01003ff8    000000a8     driverlib.a : interrupt.obj (.text:IntDisable)
                  010040a0    000000a8                 : interrupt.obj (.text:IntEnable)
                  01004148    000000a8     drivers_cc32xx.aem4 : PowerCC32XX.oem4 (.text:PowerCC32XX_configureWakeup)
                  010041f0    000000a8     main_freertos.obj (.text:main)
                  01004298    000000a8     freertos_builds_CC3220SF_LAUNCHXL_release_ccs.lib : heap_4.obj (.text:prvInsertBlockIntoFreeList)
                  01004340    000000a8     drivers_cc32xx.aem4 : UARTCC32XX.oem4 (.text:readTaskBlocking)
                  010043e8    000000a8     freertos_builds_CC3220SF_LAUNCHXL_release_ccs.lib : tasks.obj (.text:xTaskRemoveFromEventList)
                  01004490    000000a2     drivers_cc32xx.aem4 : UARTCC32XX.oem4 (.text:readIsrTextCallback)
                  01004532    000000a2                         : UARTCC32XX.oem4 (.text:writeData)
                  010045d4    000000a0     freertos_builds_CC3220SF_LAUNCHXL_release_ccs.lib : ClockP_freertos.obj (.text:ClockP_create)
                  01004674    0000009c     rtsv7M4_T_le_eabi.lib : memcpy_t2.asm.obj (.text)
                  01004710    0000009c     freertos_builds_CC3220SF_LAUNCHXL_release_ccs.lib : heap_4.obj (.text:vPortFree)
                  010047ac    00000098     drivers_cc32xx.aem4 : GPIOCC32XX.oem4 (.text:powerNotifyFxn)
                  01004844    00000096     rtsv7M4_T_le_eabi.lib : ull_div_t2.asm.obj (.text)
                  010048da    00000002     drivers_cc32xx.aem4 : UARTCC32XX.oem4 (.text:UARTCC32XX_init)
                  010048dc    00000094     freertos_builds_CC3220SF_LAUNCHXL_release_ccs.lib : tasks.obj (.text:vTaskStartScheduler)
                  01004970    00000090     drivers_cc32xx.aem4 : PowerCC32XX.oem4 (.text:restoreNVICRegs)
                  01004a00    00000088     driverlib.a : pin.obj (.text:PinConfigSet)
                  01004a88    00000086     rtsv7M4_T_le_eabi.lib : fd_cmp_t2.asm.obj (.text:__aeabi_cdcmple)
                  01004b0e    00000002     freertos_builds_CC3220SF_LAUNCHXL_release_ccs.lib : startup_cc32xx_ccs.obj (.text:busFaultHandler)
                  01004b10    00000084     drivers_cc32xx.aem4 : PowerCC32XX.oem4 (.text:Power_init)
                  01004b94    00000084     freertos_builds_CC3220SF_LAUNCHXL_release_ccs.lib : timers.obj (.text:prvProcessTimerOrBlockTask)
                  01004c18    00000084     drivers_cc32xx.aem4 : PowerCC32XX.oem4 (.text:saveNVICRegs)
                  01004c9c    00000084     freertos_builds_CC3220SF_LAUNCHXL_release_ccs.lib : timers.obj (.text:xTimerGenericCommand)
                  01004d20    00000080     drivers_cc32xx.aem4 : PowerCC32XX.oem4 (.text:Power_setDependency)
                  01004da0    0000007c                         : UARTCC32XX.oem4 (.text:readIsrBinaryBlocking)
                  01004e1c    0000007a     freertos_builds_CC3220SF_LAUNCHXL_release_ccs.lib : pthread.obj (.text:removeThreadKeys)
                  01004e96    0000007a     rtsv7M4_T_le_eabi.lib : memset_t2.asm.obj (.text)
                  01004f10    0000007a     freertos_builds_CC3220SF_LAUNCHXL_release_ccs.lib : tasks.obj (.text:xTaskCreate)
                  01004f8a    00000002                                                       : startup_cc32xx_ccs.obj (.text:defaultHandler)
                  01004f8c    00000078     drivers_cc32xx.aem4 : GPIOCC32XX.oem4 (.text:GPIO_hwiIntFxn)
                  01005004    00000078     freertos_builds_CC3220SF_LAUNCHXL_release_ccs.lib : timers.obj (.text:prvInsertTimerInActiveList)
                  0100507c    00000078     drivers_cc32xx.aem4 : UARTCC32XX.oem4 (.text:readIsrBinaryCallback)
                  010050f4    00000074                         : UARTCC32XX.oem4 (.text:UARTCC32XX_hwiIntFxn)
                  01005168    00000074     freertos_builds_CC3220SF_LAUNCHXL_release_ccs.lib : tasks.obj (.text:prvInitialiseTaskLists)
                  010051dc    00000074                                                       : port.obj (.text:vPortValidateInterruptPriority)
                  01005250    00000070                                                       : timers.obj (.text:prvProcessExpiredTimer)
                  010052c0    00000070                                                       : ClockP_freertos.obj (.text:setClockObjTimeout)
                  01005330    0000006a     empty.obj (.text:mainThread)
                  0100539a    00000068     rtsv7M4_T_le_eabi.lib : copy_decompress_lzss.c.obj (.text:decompress:lzss:__TI_decompress_lzss)
                  01005402    00000066     drivers_cc32xx.aem4 : UARTCC32XX.oem4 (.text:UARTCC32XX_writeCancel)
                  01005468    00000066     freertos_builds_CC3220SF_LAUNCHXL_release_ccs.lib : list.obj (.text:vListInsert)
                  010054ce    00000066                                                       : queue.obj (.text:xQueueGenericCreate)
                  01005534    00000064                                                       : ClockP_freertos.obj (.text:ClockP_stop)
                  01005598    00000064     drivers_cc32xx.aem4 : GPIOCC32XX.oem4 (.text:GPIO_toggle)
                  010055fc    00000064                         : PowerCC32XX.oem4 (.text:PowerCC32XX_setParkState)
                  01005660    00000064     freertos_builds_CC3220SF_LAUNCHXL_release_ccs.lib : tasks.obj (.text:prvGetExpectedIdleTime)
                  010056c4    00000062     drivers_cc32xx.aem4 : UARTCC32XX.oem4 (.text:UARTCC32XX_writePolling)
                  01005726    00000002     freertos_builds_CC3220SF_LAUNCHXL_release_ccs.lib : startup_cc32xx_ccs.obj (.text:faultISR)
                  01005728    00000060                                                       : HwiPCC32XX_freertos.obj (.text:HwiP_create)
                  01005788    00000060     driverlib.a : prcm.obj (.text:PRCMSysResetCauseGet)
                  010057e8    0000005c     display.aem4 : Display.oem4 (.text:Display_doOpen)
                  01005844    0000005c     drivers_cc32xx.aem4 : GPIOCC32XX.oem4 (.text:GPIO_setCallback)
                  010058a0    0000005c     freertos_builds_CC3220SF_LAUNCHXL_release_ccs.lib : tasks.obj (.text:prvIdleTask)
                  010058fc    0000005c                                                       : pthread.obj (.text:pthread_exit)
                  01005958    0000005c     empty.obj (.text:secondThread)
                  010059b4    0000005c     freertos_builds_CC3220SF_LAUNCHXL_release_ccs.lib : queue.obj (.text:vQueueWaitForMessageRestricted)
                  01005a10    0000005c                                                       : tasks.obj (.text:vTaskDelay)
                  01005a6c    0000005a                                                       : timers.obj (.text:prvInitialiseNewTimer)
                  01005ac6    00000002                                                       : startup_cc32xx_ccs.obj (.text:nmiISR)
                  01005ac8    00000058     drivers_cc32xx.aem4 : GPIOCC32XX.oem4 (.text:GPIO_write)
                  01005b20    00000058     driverlib.a : prcm.obj (.text:PRCMPeripheralReset)
                  01005b78    00000058     drivers_cc32xx.aem4 : PowerCC32XX.oem4 (.text:Power_releaseDependency)
                  01005bd0    00000058     freertos_builds_CC3220SF_LAUNCHXL_release_ccs.lib : tasks.obj (.text:eTaskConfirmSleepModeStatus)
                  01005c28    00000058                                                       : port.obj (.text:vPortSetupTimerInterrupt)
                  01005c80    00000058                                                       : queue.obj (.text:xQueueCreateCountingSemaphore)
                  01005cd8    00000056                                                       : SemaphoreP_freertos.obj (.text:SemaphoreP_create)
                  01005d2e    00000002     rtsv7M4_T_le_eabi.lib : div0.asm.obj (.text)
                  01005d30    00000054     freertos_builds_CC3220SF_LAUNCHXL_release_ccs.lib : ClockP_freertos.obj (.text:ClockP_delete)
                  01005d84    00000054     driverlib.a : interrupt.obj (.text:IntPrioritySet)
                  01005dd8    00000054     drivers_cc32xx.aem4 : UARTCC32XX.oem4 (.text:ringBufGet)
                  01005e2c    00000054     freertos_builds_CC3220SF_LAUNCHXL_release_ccs.lib : timers.obj (.text:xTimerCreateTimerTask)
                  01005e80    00000052     drivers_cc32xx.aem4 : PowerCC32XX_asm.oem4 (.text:PowerCC32XX_resumeLPDS)
                  01005ed2    00000002     main_freertos.obj (.text:vApplicationMallocFailedHook)
                  01005ed4    00000050     freertos_builds_CC3220SF_LAUNCHXL_release_ccs.lib : port.obj (.text:pxPortInitialiseStack)
                  01005f24    0000004c     drivers_cc32xx.aem4 : GPIOCC32XX.oem4 (.text:GPIO_enableInt)
                  01005f70    0000004c                         : PowerCC32XX.oem4 (.text:PowerCC32XX_parkPin)
                  01005fbc    0000004c     freertos_builds_CC3220SF_LAUNCHXL_release_ccs.lib : startup_cc32xx_ccs.obj (.text:initVectors)
                  01006008    0000004c                                                       : timers.obj (.text:prvCheckForValidListAndQueue)
                  01006054    0000004c                                                       : tasks.obj (.text:prvCheckTasksWaitingTermination)
                  010060a0    0000004c     drivers_cc32xx.aem4 : PowerCC32XX.oem4 (.text:restorePeriphClocks)
                  010060ec    0000004c     freertos_builds_CC3220SF_LAUNCHXL_release_ccs.lib : port.obj (.text:vPortEnterCritical)
                  01006138    0000004a     display.aem4 : DisplayUart.oem4 (.text:DisplayUartMin_open)
                  01006182    00000002     --HOLE-- [fill = 0]
                  01006184    00000048     driverlib.a : flash.obj (.text:FlashDisable)
                  010061cc    00000048     freertos_builds_CC3220SF_LAUNCHXL_release_ccs.lib : HwiPCC32XX_freertos.obj (.text:HwiP_dispatch)
                  01006214    00000048     driverlib.a : prcm.obj (.text:PRCMLPDSEnter)
                  0100625c    00000048                 : prcm.obj (.text:PRCMPeripheralClkEnable)
                  010062a4    00000048     drivers_cc32xx.aem4 : PowerCC32XX.oem4 (.text:Power_releaseConstraint)
                  010062ec    00000048     gpio.obj (.text:gpio_config_setup)
                  01006334    00000048     rtsv7M4_T_le_eabi.lib : fd_toi_t2.asm.obj (.text)
                  0100637c    00000048     freertos_builds_CC3220SF_LAUNCHXL_release_ccs.lib : sleep.obj (.text:sleep)
                  010063c4    00000048                                                       : list.obj (.text:uxListRemove)
                  0100640c    00000046     display.aem4 : DisplayUart.oem4 (.text:DisplayUartMin_vprintf)
                  01006452    00000046     drivers_cc32xx.aem4 : RingBuf.oem4 (.text:RingBuf_put)
                  01006498    00000044     driverlib.a : prcm.obj (.text:PRCMLPDSRestoreInfoSet)
                  010064dc    00000044     drivers_cc32xx.aem4 : PowerCC32XX_asm.oem4 (.text:PowerCC32XX_enterLPDS)
                  01006520    00000044                         : UART.oem4 (.text:UART_init)
                  01006564    00000044     rtsv7M4_T_le_eabi.lib : autoinit.c.obj (.text:__TI_auto_init_nobinit_nopinit:__TI_auto_init_nobinit_nopinit)
                  010065a8    00000044     freertos_builds_CC3220SF_LAUNCHXL_release_ccs.lib : queue.obj (.text:prvInitialiseNewQueue)
                  010065ec    00000044     rtsv7M4_T_le_eabi.lib : fd_tou_t2.asm.obj (.text)
                  01006630    00000044     freertos_builds_CC3220SF_LAUNCHXL_release_ccs.lib : tasks.obj (.text:vTaskStepTick)
                  01006674    00000040     driverlib.a : pin.obj (.text:PinModeSet)
                  010066b4    00000040     drivers_cc32xx.aem4 : RingBuf.oem4 (.text:RingBuf_get)
                  010066f4    00000040                         : UARTCC32XX.oem4 (.text:UARTCC32XX_read)
                  01006734    00000040                         : UART.oem4 (.text:UART_open)
                  01006774    00000040     rtsv7M4_T_le_eabi.lib : u_divt2.asm.obj (.text)
                  010067b4    00000040     freertos_builds_CC3220SF_LAUNCHXL_release_ccs.lib : tasks.obj (.text:vTaskPlaceOnEventListRestricted)
                  010067f4    0000003e                                                       : ClockP_freertos.obj (.text:ClockP_callbackFxn)
                  01006832    0000003e                                                       : pthread.obj (.text:pthread_setcancelstate)
                  01006870    0000003c     driverlib.a : prcm.obj (.text:PRCMSlowClkCtrFastGet)
                  010068ac    0000003c     drivers_cc32xx.aem4 : PowerCC32XX.oem4 (.text:Power_setConstraint)
                  010068e8    0000003c     freertos_builds_CC3220SF_LAUNCHXL_release_ccs.lib : queue.obj (.text:prvCopyDataFromQueue)
                  01006924    0000003c                                                       : tasks.obj (.text:prvResetNextTaskUnblockTime)
                  01006960    0000003c                                                       : tasks.obj (.text:pvTaskGetThreadLocalStoragePointer)
                  0100699c    0000003c                                                       : list.obj (.text:vListInsertEnd)
                  010069d8    00000038     drivers_cc32xx.aem4 : GPIOCC32XX.oem4 (.text:GPIO_read)
                  01006a10    00000038     driverlib.a : prcm.obj (.text:PRCMLPDSEnterKeepDebugIf)
                  01006a48    00000038     drivers_cc32xx.aem4 : PowerCC32XX.oem4 (.text:notify)
                  01006a80    00000038     freertos_builds_CC3220SF_LAUNCHXL_release_ccs.lib : timers.obj (.text:prvGetNextExpireTime)
                  01006ab8    00000038                                                       : port.obj (.text:prvTaskExitError)
                  01006af0    00000036     drivers_cc32xx.aem4 : UARTCC32XX.oem4 (.text:UARTCC32XX_readCancel)
                  01006b26    00000002     --HOLE-- [fill = 0]
                  01006b28    00000034     driverlib.a : pin.obj (.text:PinModeGet)
                  01006b5c    00000034     drivers_cc32xx.aem4 : PowerCC32XX.oem4 (.text:PowerCC32XX_restoreParkState)
                  01006b90    00000034     freertos_builds_CC3220SF_LAUNCHXL_release_ccs.lib : SemaphoreP_freertos.obj (.text:SemaphoreP_pend)
                  01006bc4    00000034                                                       : timers.obj (.text:prvSampleTimeNow)
                  01006bf8    00000034                                                       : tasks.obj (.text:vTaskPlaceOnEventList)
                  01006c2c    00000034                                                       : timers.obj (.text:xTimerCreate)
                  01006c60    00000030     drivers_cc32xx.aem4 : PowerCC32XX.oem4 (.text:PowerCC32XX_restoreParkedPin)
                  01006c90    00000030     freertos_builds_CC3220SF_LAUNCHXL_release_ccs.lib : list.obj (.text:vListInitialise)
                  01006cc0    00000030                                                       : port.obj (.text:vPortExitCritical)
                  01006cf0    00000030                                                       : tasks.obj (.text:xTaskGetSchedulerState)
                  01006d20    0000002e                                                       : SystemP_freertos.obj (.text:putChar)
                  01006d4e    0000002e                                                       : timers.obj (.text:pvTimerGetTimerID)
                  01006d7c    0000002e     rtsv7M4_T_le_eabi.lib : i_tofd_t2.asm.obj (.text)
                  01006daa    00000002     --HOLE-- [fill = 0]
                  01006dac    0000002c     freertos_builds_CC3220SF_LAUNCHXL_release_ccs.lib : HwiPCC32XX_freertos.obj (.text:HwiP_disable)
                  01006dd8    0000002c     driverlib.a : prcm.obj (.text:PRCMLPDSIntervalSet)
                  01006e04    0000002c     drivers_cc32xx.aem4 : PowerCC32XX.oem4 (.text:PowerCC32XX_getParkState)
                  01006e30    0000002c     freertos_builds_CC3220SF_LAUNCHXL_release_ccs.lib : SemaphoreP_freertos.obj (.text:SemaphoreP_createBinary)
                  01006e5c    0000002c                                                       : tasks.obj (.text:vTaskSetApplicationTaskTag)
                  01006e88    0000002c                                                       : port.obj (.text:xPortSysTickHandler)
                  01006eb4    0000002c                                                       : tasks.obj (.text:xTaskGetApplicationTaskTag)
                  01006ee0    0000002a     display.aem4 : Display.oem4 (.text:Display_doPrintf)
                  01006f0a    00000002     --HOLE-- [fill = 0]
                  01006f0c    00000028     freertos_builds_CC3220SF_LAUNCHXL_release_ccs.lib : HwiPCC32XX_freertos.obj (.text:HwiP_inISR)
                  01006f34    00000028     driverlib.a : prcm.obj (.text:PRCMLPDSWakeupSourceEnable)
                  01006f5c    00000028                 : prcm.obj (.text:PRCMPeripheralClkDisable)
                  01006f84    00000028     drivers_cc32xx.aem4 : PowerCC32XX.oem4 (.text:Power_registerNotify)
                  01006fac    00000028     freertos_builds_CC3220SF_LAUNCHXL_release_ccs.lib : pthread.obj (.text:pthread_attr_setschedparam)
                  01006fd4    00000026     drivers_cc32xx.aem4 : List.oem4 (.text:List_put)
                  01006ffa    00000026                         : List.oem4 (.text:List_remove)
                  01007020    00000026     freertos_builds_CC3220SF_LAUNCHXL_release_ccs.lib : pthread.obj (.text:_pthread_cleanup_pop)
                  01007046    00000026                                                       : queue.obj (.text:prvIsQueueFull)
                  0100706c    00000024     driverlib.a : interrupt.obj (.text:IntUnregister)
                  01007090    00000024     rtsv7M4_T_le_eabi.lib : boot_cortex_m.c.obj (.text:_c_int00_noargs:_c_int00_noargs)
                  010070b4    00000024     freertos_builds_CC3220SF_LAUNCHXL_release_ccs.lib : queue.obj (.text:prvGetDisinheritPriorityAfterTimeout)
                  010070d8    00000024                                                       : queue.obj (.text:vQueueDelete)
                  010070fc    00000024                                                       : tasks.obj (.text:vTaskInternalSetTimeOutState)
                  01007120    00000022                                                       : SemaphoreP_freertos.obj (.text:SemaphoreP_post)
                  01007142    00000022                                                       : SystemP_freertos.obj (.text:SystemP_vsnprintf)
                  01007164    00000022                                                       : pthread.obj (.text:pthread_attr_setdetachstate)
                  01007186    00000002     --HOLE-- [fill = 0]
                  01007188    00000020                                                       : ClockP_freertos.obj (.text:ClockP_getCpuFreq)
                  010071a8    00000020                                                       : HwiPCC32XX_freertos.obj (.text:HwiP_restore)
                  010071c8    00000020     driverlib.a : interrupt.obj (.text:IntRegister)
                  010071e8    00000020     drivers_cc32xx.aem4 : PowerCC32XX.oem4 (.text:Power_unregisterNotify)
                  01007208    00000020                         : RingBuf.oem4 (.text:RingBuf_peek)
                  01007228    00000020                         : UARTCC32XX.oem4 (.text:getPowerMgrId)
                  01007248    00000020     freertos_builds_CC3220SF_LAUNCHXL_release_ccs.lib : queue.obj (.text:prvIsQueueEmpty)
                  01007268    0000001e                                                       : ClockP_freertos.obj (.text:ClockP_start)
                  01007286    0000001e                                                       : HwiPCC32XX_freertos.obj (.text:HwiP_Params_init)
                  010072a4    0000001e                                                       : pthread.obj (.text:_pthread_runStub)
                  010072c2    0000001c                                                       : ClockP_freertos.obj (.text:ClockP_Params_init)
                  010072de    00000002     --HOLE-- [fill = 0]
                  010072e0    0000001c     driverlib.a : pin.obj (.text:PinToPadGet)
                  010072fc    0000001c     freertos_builds_CC3220SF_LAUNCHXL_release_ccs.lib : pthread.obj (.text:pthread_attr_init)
                  01007318    0000001c                                                       : tasks.obj (.text:pvTaskIncrementMutexHeldCount)
                  01007334    0000001a                                                       : PTLS.obj (.text:PTLS_taskDeleteHook)
                  0100734e    0000001a                                                       : timers.obj (.text:prvTimerTask)
                  01007368    00000018     drivers_cc32xx.aem4 : PowerCC32XX.oem4 (.text:Power_idleFunc)
                  01007380    00000018     driverlib.a : uart.obj (.text:UARTBusy)
                  01007398    00000018                 : uart.obj (.text:UARTIntEnable)
                  010073b0    00000018     drivers_cc32xx.aem4 : UART.oem4 (.text:UART_Params_init)
                  010073c8    00000018     rtsv7M4_T_le_eabi.lib : ll_mul_t2.asm.obj (.text)
                  010073e0    00000016     freertos_builds_CC3220SF_LAUNCHXL_release_ccs.lib : ClockP_freertos.obj (.text:ClockP_setTimeout)
                  010073f6    00000016     display.aem4 : DisplayUart.oem4 (.text:DisplayUartMin_close)
                  0100740c    00000016     driverlib.a : prcm.obj (.text:PRCMHIBRegRead)
                  01007422    00000016                 : prcm.obj (.text:PRCMHIBRegWrite)
                  01007438    00000016     freertos_builds_CC3220SF_LAUNCHXL_release_ccs.lib : SemaphoreP_freertos.obj (.text:SemaphoreP_Params_init)
                  0100744e    00000002     --HOLE-- [fill = 0]
                  01007450    00000016                                                       : startup_cc32xx_ccs.obj (.text:resetISR)
                  01007466    00000014     driverlib.a : cpu.obj (.text:CPUcpsie)
                  0100747a    00000002     --HOLE-- [fill = 0]
                  0100747c    00000014                 : interrupt.obj (.text:IntVTableBaseSet)
                  01007490    00000014     drivers_cc32xx.aem4 : PowerCC32XX.oem4 (.text:Power_getDependencyCount)
                  010074a4    00000014     freertos_builds_CC3220SF_LAUNCHXL_release_ccs.lib : tasks.obj (.text:prvDeleteTCB)
                  010074b8    00000014                                                       : pthread.obj (.text:pthread_attr_setstacksize)
                  010074cc    00000014                                                       : pthread.obj (.text:pthread_self)
                  010074e0    00000014     drivers_cc32xx.aem4 : UARTCC32XX.oem4 (.text:releasePowerConstraint)
                  010074f4    00000014     rtsv7M4_T_le_eabi.lib : strlen.c.obj (.text:strlen)
                  01007508    00000014     freertos_builds_CC3220SF_LAUNCHXL_release_ccs.lib : PowerCC32XX_freertos.obj (.text:vPortSuppressTicksAndSleep)
                  0100751c    00000014                                                       : tasks.obj (.text:xTaskGetCurrentTaskHandle)
                  01007530    00000014                                                       : tasks.obj (.text:xTaskGetTickCount)
                  01007544    00000012                                                       : HwiPCC32XX_freertos.obj (.text:HwiP_delete)
                  01007556    00000012     drivers_cc32xx.aem4 : RingBuf.oem4 (.text:RingBuf_construct)
                  01007568    00000010     freertos_builds_CC3220SF_LAUNCHXL_release_ccs.lib : ClockP_freertos.obj (.text:ClockP_getSystemTickPeriod)
                  01007578    00000010     driverlib.a : systick.obj (.text:SysTickDisable)
                  01007588    00000010                 : systick.obj (.text:SysTickEnable)
                  01007598    00000010     drivers_cc32xx.aem4 : UARTCC32XX.oem4 (.text:readBlockingTimeout)
                  010075a8    00000010     freertos_builds_CC3220SF_LAUNCHXL_release_ccs.lib : list.obj (.text:vListInitialiseItem)
                  010075b8    00000010                                                       : tasks.obj (.text:vTaskSuspendAll)
                  010075c8    0000000e     drivers_cc32xx.aem4 : PowerCC32XX.oem4 (.text:Power_getTransitionLatency)
                  010075d6    0000000e                         : RingBuf.oem4 (.text:RingBuf_isFull)
                  010075e4    0000000e     rtsv7M4_T_le_eabi.lib : copy_decompress_none.c.obj (.text:decompress:none:__TI_decompress_none)
                  010075f2    0000000e     empty.obj (.text:gpioButtonFxn0)
                  01007600    0000000e     empty.obj (.text:gpioButtonFxn1)
                  0100760e    0000000c     CC3220SF_LAUNCHXL.obj (.text:CC3220SF_LAUNCHXL_initGeneral)
                  0100761a    0000000c     driverlib.a : cpu.obj (.text:CPUwfi)
                  01007626    00000002     --HOLE-- [fill = 0]
                  01007628    0000000c     drivers_cc32xx.aem4 : PowerCC32XX.oem4 (.text:Power_getConstraintMask)
                  01007634    0000000c     freertos_builds_CC3220SF_LAUNCHXL_release_ccs.lib : SemaphoreP_freertos.obj (.text:SemaphoreP_delete)
                  01007640    0000000c     rtsv7M4_T_le_eabi.lib : copy_zero_init.c.obj (.text:decompress:ZI:__TI_zero_init)
                  0100764c    0000000c     drivers_cc32xx.aem4 : UARTCC32XX.oem4 (.text:postNotifyFxn)
                  01007658    0000000c     freertos_builds_CC3220SF_LAUNCHXL_release_ccs.lib : tasks.obj (.text:vTaskMissedYield)
                  01007664    0000000a     driverlib.a : interrupt.obj (.text:IntMasterEnable)
                  0100766e    0000000a     drivers_cc32xx.aem4 : UART.oem4 (.text:UART_close)
                  01007678    0000000a                         : UART.oem4 (.text:UART_control)
                  01007682    0000000a                         : UART.oem4 (.text:UART_write)
                  0100768c    0000000a     main_freertos.obj (.text:vApplicationStackOverflowHook)
                  01007696    00000008     CC3220SF_LAUNCHXL.obj (.text:Board_init)
                  0100769e    00000008     driverlib.a : prcm.obj (.text:PRCMSleepEnter)
                  010076a6    00000008     drivers_cc32xx.aem4 : UARTCC32XX.oem4 (.text:readSemCallback)
                  010076ae    00000008                         : UARTCC32XX.oem4 (.text:writeSemCallback)
                  010076b6    00000006     display.aem4 : DisplayUart.oem4 (.text:DisplayUartMin_control)
                  010076bc    00000006                  : DisplayUart.oem4 (.text:DisplayUartMin_getType)
                  010076c2    00000006                  : Display.oem4 (.text:Display_doParamsInit)
                  010076c8    00000006     driverlib.a : utils.obj (.text:UtilsDelay)
                  010076ce    00000004     rtsv7M4_T_le_eabi.lib : pre_init.c.obj (.text:_system_pre_init)
                  010076d2    00000004                           : exit.c.obj (.text:abort:abort)

.const     0    010076d8    000004c2     
                  010076d8    00000100     driverlib.a : pin.obj (.const:g_ulPinToPadMap)
                  010077d8    000000d4                 : interrupt.obj (.const:g_pulRegs)
                  010078ac    000000a8                 : prcm.obj (.const:PRCM_PeriphRegsList)
                  01007954    00000048     CC3220SF_LAUNCHXL.obj (.const:uartCC3220SHWAttrs)
                  0100799c    00000040     CC3220SF_LAUNCHXL.obj (.const:PowerCC32XX_config)
                  010079dc    00000028     drivers_cc32xx.aem4 : UARTCC32XX.oem4 (.const:UARTCC32XX_fxnTable)
                  01007a04    00000024                         : UART.oem4 (.const:UART_defaultParams)
                  01007a28    00000021                         : GPIOCC32XX.oem4 (.const:.string:pinTable)
                  01007a49    00000001     display.aem4 : Display.oem4 (.const:Display_defaultParams)
                  01007a4a    00000002     --HOLE-- [fill = 0]
                  01007a4c    00000020                  : DisplayUart.oem4 (.const:DisplayUartMin_fxnTable)
                  01007a6c    00000020     drivers_cc32xx.aem4 : UARTCC32XX.oem4 (.const:staticFxnTable)
                  01007a8c    00000018     CC3220SF_LAUNCHXL.obj (.const:UART_config)
                  01007aa4    00000018     driverlib.a : interrupt.obj (.const:g_pulDisRegs)
                  01007abc    00000018                 : interrupt.obj (.const:g_pulEnRegs)
                  01007ad4    00000014     CC3220SF_LAUNCHXL.obj (.const:GPIOCC32XX_config)
                  01007ae8    00000014     CC3220SF_LAUNCHXL.obj (.const:displayUartHWAttrs)
                  01007afc    00000014     drivers_cc32xx.aem4 : GPIOCC32XX.oem4 (.const:gpioBaseAddresses)
                  01007b10    00000014                         : UARTCC32XX.oem4 (.const:parityType)
                  01007b24    00000014                         : GPIOCC32XX.oem4 (.const:powerResources)
                  01007b38    00000010                         : UARTCC32XX.oem4 (.const:dataLength)
                  01007b48    0000000d     CC3220SF_LAUNCHXL.obj (.const)
                  01007b55    00000003     --HOLE-- [fill = 0]
                  01007b58    0000000c     CC3220SF_LAUNCHXL.obj (.const:Display_config)
                  01007b64    00000008     freertos_builds_CC3220SF_LAUNCHXL_release_ccs.lib : port.obj (.const)
                  01007b6c    00000008     drivers_cc32xx.aem4 : GPIOCC32XX.oem4 (.const:outPinTypes)
                  01007b74    00000008                         : UARTCC32XX.oem4 (.const:stopBits)
                  01007b7c    00000006                         : GPIOCC32XX.oem4 (.const:.string:interruptType)
                  01007b82    00000006                         : GPIOCC32XX.oem4 (.const:inPinTypes)
                  01007b88    00000006                         : GPIOCC32XX.oem4 (.const:outPinStrengths)
                  01007b8e    00000004                         : GPIOCC32XX.oem4 (.const:.string:portInterruptIds)
                  01007b92    00000002     --HOLE-- [fill = 0]
                  01007b94    00000004     freertos_builds_CC3220SF_LAUNCHXL_release_ccs.lib : pthread.obj (.const)
                  01007b98    00000002                                                       : pthread.obj (.const:.string)

.cinit     0    01007ba0    00000130     
                  01007ba0    00000109     (.cinit..data.load) [load image, compression = lzss]
                  01007ca9    00000003     --HOLE-- [fill = 0]
                  01007cac    0000000c     (__TI_handler_table)
                  01007cb8    00000008     (.cinit..bss.load) [load image, compression = zero_init]
                  01007cc0    00000010     (__TI_cinit_table)

.init_array 
*          0    01000800    00000000     UNINITIALIZED

.ramVecs   0    20000000    0000030c     NOLOAD SECTION
                  20000000    0000030c     freertos_builds_CC3220SF_LAUNCHXL_release_ccs.lib : startup_cc32xx_ccs.obj (.ramVecs)

.bss       0    2000030c    00008824     UNINITIALIZED
                  2000030c    00008000     freertos_builds_CC3220SF_LAUNCHXL_release_ccs.lib : heap_4.obj (.bss:ucHeap)
                  2000830c    00000400     CC3220SF_LAUNCHXL.obj (.bss:displayBuf)
                  2000870c    0000012c     (.common:PowerCC32XX_contextSave)
                  20008838    00000108     (.common:uartCC3220SObjects)
                  20008940    000000c8     freertos_builds_CC3220SF_LAUNCHXL_release_ccs.lib : tasks.obj (.bss:pxReadyTasksLists)
                  20008a08    00000040     (.common:uartCC3220SRingBuffer)
                  20008a48    00000020     drivers_cc32xx.aem4 : GPIOCC32XX.oem4 (.bss:gpioCallbackInfo)
                  20008a68    00000014                         : GPIOCC32XX.oem4 (.bss:powerNotifyObj)
                  20008a7c    00000014     freertos_builds_CC3220SF_LAUNCHXL_release_ccs.lib : timers.obj (.bss:xActiveTimerList1)
                  20008a90    00000014                                                       : timers.obj (.bss:xActiveTimerList2)
                  20008aa4    00000014                                                       : tasks.obj (.bss:xDelayedTaskList1)
                  20008ab8    00000014                                                       : tasks.obj (.bss:xDelayedTaskList2)
                  20008acc    00000014                                                       : tasks.obj (.bss:xPendingReadyList)
                  20008ae0    00000014                                                       : tasks.obj (.bss:xSuspendedTaskList)
                  20008af4    00000014                                                       : tasks.obj (.bss:xTasksWaitingTermination)
                  20008b08    0000000c     (.common:displayUartObject)
                  20008b14    00000008                                                       : tasks.obj (.bss)
                  20008b1c    00000008                                                       : timers.obj (.bss)
                  20008b24    00000008                                                       : heap_4.obj (.bss:xStart)
                  20008b2c    00000004     drivers_cc32xx.aem4 : GPIOCC32XX.oem4 (.bss)

.data      0    20008b30    00000b5c     UNINITIALIZED
                  20008b30    00000800     freertos_builds_CC3220SF_LAUNCHXL_release_ccs.lib : HwiPCC32XX_freertos.obj (.data:HwiP_dispatchTable)
                  20009330    0000016c     drivers_cc32xx.aem4 : PowerCC32XX.oem4 (.data:PowerCC32XX_module)
                  2000949c    000000f8     CC3220SF_LAUNCHXL.obj (.data:parkInfo)
                  20009594    00000054     CC3220SF_LAUNCHXL.obj (.data:gpioPinConfigs)
                  200095e8    00000034     freertos_builds_CC3220SF_LAUNCHXL_release_ccs.lib : tasks.obj (.data)
                  2000961c    00000018                                                       : port.obj (.data)
                  20009634    00000014                                                       : pthread.obj (.data:defaultPthreadAttrs)
                  20009648    00000010                                                       : heap_4.obj (.data)
                  20009658    00000010     CC3220SF_LAUNCHXL.obj (.data:gpioCallbackFunctions)
                  20009668    0000000c     freertos_builds_CC3220SF_LAUNCHXL_release_ccs.lib : timers.obj (.data)
                  20009674    00000009     drivers_cc32xx.aem4 : GPIOCC32XX.oem4 (.data)
                  2000967d    00000001                         : UART.oem4 (.data)
                  2000967e    00000002     --HOLE--
                  20009680    00000004     freertos_builds_CC3220SF_LAUNCHXL_release_ccs.lib : ClockP_freertos.obj (.data)
                  20009684    00000004                                                       : HwiPCC32XX_freertos.obj (.data)
                  20009688    00000004                                                       : PowerCC32XX_freertos.obj (.data)

.stack     0    2003fc00    00000400     UNINITIALIZED
                  2003fc00    00000004     rtsv7M4_T_le_eabi.lib : boot_cortex_m.c.obj (.stack)
                  2003fc04    000003fc     --HOLE--

.binit     0    01000000    00000000     

MODULE SUMMARY

       Module                       code    ro data   rw data
       ------                       ----    -------   -------
    .\
       CC3220SF_LAUNCHXL.obj        20      225       1712   
       empty.obj                    226     0         0      
       main_freertos.obj            180     0         0      
    +--+----------------------------+-------+---------+---------+
       Total:                       426     225       1712   
                                                             
    .\System_extend\
       gpio.obj                     72      0         0      
    +--+----------------------------+-------+---------+---------+
       Total:                       72      0         0      
                                                             
    C:/ti/simplelink_cc32xx_sdk_3_10_00_04/source/ti/devices/cc32xx/driverlib/ccs/Release/driverlib.a
       prcm.obj                     1756    168       0      
       interrupt.obj                520     260       0      
       pin.obj                      280     256       0      
       flash.obj                    72      0         0      
       uart.obj                     48      0         0      
       cpu.obj                      32      0         0      
       systick.obj                  32      0         0      
       utils.obj                    6       0         0      
    +--+----------------------------+-------+---------+---------+
       Total:                       2746    684       0      
                                                             
    C:/ti/simplelink_cc32xx_sdk_3_10_00_04/source/ti/display/lib/display.aem4
       DisplayUart.oem4             184     32        0      
       Display.oem4                 140     1         0      
    +--+----------------------------+-------+---------+---------+
       Total:                       324     33        0      
                                                             
    C:/ti/simplelink_cc32xx_sdk_3_10_00_04/source/ti/drivers/lib/drivers_cc32xx.aem4
       UARTCC32XX.oem4              3442    116       0      
       PowerCC32XX.oem4             2322    0         664    
       GPIOCC32XX.oem4              1352    103       65     
       UART.oem4                    186     36        1      
       RingBuf.oem4                 198     0         0      
       PowerCC32XX_asm.oem4         150     0         0      
       List.oem4                    76      0         0      
    +--+----------------------------+-------+---------+---------+
       Total:                       7726    255       730    
                                                             
    E:/workspace/freertos_builds_CC3220SF_LAUNCHXL_release_ccs/Debug/freertos_builds_CC3220SF_LAUNCHXL_release_ccs.lib
       heap_4.obj                   888     0         32792  
       tasks.obj                    4470    0         360    
       queue.obj                    3090    0         0      
       HwiPCC32XX_freertos.obj      332     0         2052   
       timers.obj                   1442    0         60     
       SystemP_freertos.obj         1450    0         0      
       startup_cc32xx_ccs.obj       106     64        780    
       pthread.obj                  798     6         20     
       port.obj                     700     8         24     
       ClockP_freertos.obj          646     0         4      
       PowerCC32XX_freertos.obj     454     0         4      
       list.obj                     298     0         0      
       SemaphoreP_freertos.obj      250     0         0      
       portasm.obj                  186     0         0      
       sleep.obj                    72      0         0      
       PTLS.obj                     26      0         0      
    +--+----------------------------+-------+---------+---------+
       Total:                       15208   78        36096  
                                                             
    E:\ti\ccs\tools\compiler\ti-cgt-arm_18.12.1.LTS\lib\rtsv7M4_T_le_eabi.lib
       fd_add_t2.asm.obj            438     0         0      
       fd_mul_t2.asm.obj            252     0         0      
       memcpy_t2.asm.obj            156     0         0      
       ull_div_t2.asm.obj           150     0         0      
       fd_cmp_t2.asm.obj            134     0         0      
       memset_t2.asm.obj            122     0         0      
       copy_decompress_lzss.c.obj   104     0         0      
       fd_toi_t2.asm.obj            72      0         0      
       autoinit.c.obj               68      0         0      
       fd_tou_t2.asm.obj            68      0         0      
       u_divt2.asm.obj              64      0         0      
       i_tofd_t2.asm.obj            46      0         0      
       boot_cortex_m.c.obj          36      0         0      
       ll_mul_t2.asm.obj            24      0         0      
       strlen.c.obj                 20      0         0      
       copy_decompress_none.c.obj   14      0         0      
       copy_zero_init.c.obj         12      0         0      
       exit.c.obj                   4       0         0      
       pre_init.c.obj               4       0         0      
       div0.asm.obj                 2       0         0      
    +--+----------------------------+-------+---------+---------+
       Total:                       1790    0         0      
                                                             
       Stack:                       0       0         1024   
       Linker Generated:            0       301       0      
    +--+----------------------------+-------+---------+---------+
       Grand Total:                 28292   1576      39562  


LINKER GENERATED COPY TABLES

__TI_cinit_table @ 01007cc0 records: 2, size/record: 8, table size: 16
	.data: load addr=01007ba0, load size=00000109 bytes, run addr=20008b30, run size=00000b5c bytes, compression=lzss
	.bss: load addr=01007cb8, load size=00000008 bytes, run addr=2000030c, run size=00008824 bytes, compression=zero_init


LINKER GENERATED HANDLER TABLE

__TI_handler_table @ 01007cac records: 3, size/record: 4, table size: 12
	index: 0, handler: __TI_decompress_lzss
	index: 1, handler: __TI_decompress_none
	index: 2, handler: __TI_zero_init


GLOBAL SYMBOLS: SORTED ALPHABETICALLY BY Name 

address   name                               
-------   ----                               
01007b48  ADC_count                          
01007697  Board_init                         
010076d3  C$$EXIT                            
0100760f  CC3220SF_LAUNCHXL_initGeneral      
01007467  CPUcpsie                           
0100761b  CPUwfi                             
01007b49  Capture_count                      
010072c3  ClockP_Params_init                 
010067f5  ClockP_callbackFxn                 
010045d5  ClockP_create                      
01005d31  ClockP_delete                      
01007189  ClockP_getCpuFreq                  
01007569  ClockP_getSystemTickPeriod         
010073e1  ClockP_setTimeout                  
01007269  ClockP_start                       
01005535  ClockP_stop                        
01007b4a  CryptoCC32XX_count                 
01001a9f  DisplayUartMin_clear               
01002b97  DisplayUartMin_clearLines          
010073f7  DisplayUartMin_close               
010076b7  DisplayUartMin_control             
01007a4c  DisplayUartMin_fxnTable            
010076bd  DisplayUartMin_getType             
01003777  DisplayUartMin_init                
01006139  DisplayUartMin_open                
0100640d  DisplayUartMin_vprintf             
01007b58  Display_config                     
01007b4b  Display_count                      
01007a49  Display_defaultParams              
010057e9  Display_doOpen                     
010076c3  Display_doParamsInit               
01006ee1  Display_doPrintf                   
01006185  FlashDisable                       
01007ad4  GPIOCC32XX_config                  
01005f25  GPIO_enableInt                     
01004f8d  GPIO_hwiIntFxn                     
010033b1  GPIO_init                          
010069d9  GPIO_read                          
01005845  GPIO_setCallback                   
01001389  GPIO_setConfig                     
01005599  GPIO_toggle                        
01005ac9  GPIO_write                         
01007287  HwiP_Params_init                   
01005729  HwiP_create                        
01007545  HwiP_delete                        
01006dad  HwiP_disable                       
010061cd  HwiP_dispatch                      
20008b30  HwiP_dispatchTable                 
01006f0d  HwiP_inISR                         
010071a9  HwiP_restore                       
01007b4c  I2C_count                          
01007b4d  I2S_count                          
01003ff9  IntDisable                         
010040a1  IntEnable                          
01007665  IntMasterEnable                    
01005d85  IntPrioritySet                     
010071c9  IntRegister                        
0100706d  IntUnregister                      
0100747d  IntVTableBaseSet                   
01006fd5  List_put                           
01006ffb  List_remove                        
01000ce5  PRCMCC3200MCUInit                  
0100740d  PRCMHIBRegRead                     
01007423  PRCMHIBRegWrite                    
01006215  PRCMLPDSEnter                      
01006a11  PRCMLPDSEnterKeepDebugIf           
01006dd9  PRCMLPDSIntervalSet                
01006499  PRCMLPDSRestoreInfoSet             
01006f35  PRCMLPDSWakeupSourceEnable         
01006f5d  PRCMPeripheralClkDisable           
0100625d  PRCMPeripheralClkEnable            
01005b21  PRCMPeripheralReset                
0100769f  PRCMSleepEnter                     
01006871  PRCMSlowClkCtrFastGet              
01005789  PRCMSysResetCauseGet               
01007335  PTLS_taskDeleteHook                
01007b4e  PWM_count                          
01004a01  PinConfigSet                       
01006b29  PinModeGet                         
01006675  PinModeSet                         
010072e1  PinToPadGet                        
0100799c  PowerCC32XX_config                 
01004149  PowerCC32XX_configureWakeup        
2000870c  PowerCC32XX_contextSave            
010064dd  PowerCC32XX_enterLPDS              
01006e05  PowerCC32XX_getParkState           
010039ab  PowerCC32XX_initPolicy             
20009330  PowerCC32XX_module                 
01005f71  PowerCC32XX_parkPin                
01006b5d  PowerCC32XX_restoreParkState       
01006c61  PowerCC32XX_restoreParkedPin       
01005e81  PowerCC32XX_resumeLPDS             
010055fd  PowerCC32XX_setParkState           
01001aa1  PowerCC32XX_sleepPolicy            
01007629  Power_getConstraintMask            
01007491  Power_getDependencyCount           
010075c9  Power_getTransitionLatency         
01007369  Power_idleFunc                     
01004b11  Power_init                         
01006f85  Power_registerNotify               
010062a5  Power_releaseConstraint            
01005b79  Power_releaseDependency            
010068ad  Power_setConstraint                
01004d21  Power_setDependency                
0100241d  Power_sleep                        
010071e9  Power_unregisterNotify             
01007557  RingBuf_construct                  
010066b5  RingBuf_get                        
010075d7  RingBuf_isFull                     
01007209  RingBuf_peek                       
01006453  RingBuf_put                        
01007b4f  SDFatFS_count                      
01007b50  SD_count                           
01007b51  SPI_count                          
01007439  SemaphoreP_Params_init             
01005cd9  SemaphoreP_create                  
01006e31  SemaphoreP_createBinary            
01007635  SemaphoreP_delete                  
01006b91  SemaphoreP_pend                    
01007121  SemaphoreP_post                    
01007579  SysTickDisable                     
01007589  SysTickEnable                      
01007143  SystemP_vsnprintf                  
01007b52  Timer_count                        
01007381  UARTBusy                           
010022fd  UARTCC32XX_close                   
01002d8d  UARTCC32XX_control                 
010079dc  UARTCC32XX_fxnTable                
010048db  UARTCC32XX_init                    
01001111  UARTCC32XX_open                    
010066f5  UARTCC32XX_read                    
01006af1  UARTCC32XX_readCancel              
01003835  UARTCC32XX_readPolling             
010032e7  UARTCC32XX_write                   
01005403  UARTCC32XX_writeCancel             
010056c5  UARTCC32XX_writePolling            
01007399  UARTIntEnable                      
010073b1  UART_Params_init                   
0100766f  UART_close                         
01007a8c  UART_config                        
01007679  UART_control                       
01007b53  UART_count                         
01007a04  UART_defaultParams                 
01006521  UART_init                          
01006735  UART_open                          
01007683  UART_write                         
010076c9  UtilsDelay                         
01007b54  Watchdog_count                     
20040000  __STACK_END                        
00000400  __STACK_SIZE                       
01007cc0  __TI_CINIT_Base                    
01007cd0  __TI_CINIT_Limit                   
01007cac  __TI_Handler_Table_Base            
01007cb8  __TI_Handler_Table_Limit           
01006565  __TI_auto_init_nobinit_nopinit     
0100539b  __TI_decompress_lzss               
010075e5  __TI_decompress_none               
ffffffff  __TI_pprof_out_hndl                
ffffffff  __TI_prof_data_size                
ffffffff  __TI_prof_data_start               
01007ba0  __TI_static_base__                 
01007641  __TI_zero_init                     
01004a89  __aeabi_cdcmpeq                    
01004a89  __aeabi_cdcmple                    
01006335  __aeabi_d2iz                       
010065ed  __aeabi_d2uiz                      
010018f3  __aeabi_dadd                       
01002a9b  __aeabi_dmul                       
010018e9  __aeabi_dsub                       
01006d7d  __aeabi_i2d                        
01005d2f  __aeabi_idiv0                      
01005d2f  __aeabi_ldiv0                      
010073c9  __aeabi_lmul                       
01004e97  __aeabi_memclr                     
01004e97  __aeabi_memclr4                    
01004e97  __aeabi_memclr8                    
01004675  __aeabi_memcpy                     
01004675  __aeabi_memcpy4                    
01004675  __aeabi_memcpy8                    
01004e99  __aeabi_memset                     
01004e99  __aeabi_memset4                    
01004e99  __aeabi_memset8                    
01006775  __aeabi_uidiv                      
01006775  __aeabi_uidivmod                   
01004845  __aeabi_uldivmod                   
ffffffff  __binit__                          
ffffffff  __c_args__                         
UNDEFED   __mpu_init                         
2003fc00  __stack                            
01007091  _c_int00_noargs                    
01007021  _pthread_cleanup_pop               
UNDEFED   _system_post_cinit                 
010076cf  _system_pre_init                   
010076d3  abort                              
ffffffff  binit                              
01007ae8  displayUartHWAttrs                 
20008b08  displayUartObject                  
01005bd1  eTaskConfirmSleepModeStatus        
010075f3  gpioButtonFxn0                     
01007601  gpioButtonFxn1                     
20009658  gpioCallbackFunctions              
20009594  gpioPinConfigs                     
010062ed  gpio_config_setup                  
01007b82  inPinTypes                         
01005fbd  initVectors                        
010041f1  main                               
01005331  mainThread                         
01004675  memcpy                             
01004e9f  memset                             
01007b88  outPinStrengths                    
01007b6c  outPinTypes                        
2000949c  parkInfo                           
010072fd  pthread_attr_init                  
01007165  pthread_attr_setdetachstate        
01006fad  pthread_attr_setschedparam         
010074b9  pthread_attr_setstacksize          
0100208d  pthread_create                     
010058fd  pthread_exit                       
010074cd  pthread_self                       
01006833  pthread_setcancelstate             
01001dcd  pvPortMalloc                       
01006961  pvTaskGetThreadLocalStoragePointer 
01007319  pvTaskIncrementMutexHeldCount      
01006d4f  pvTimerGetTimerID                  
200095e8  pxCurrentTCB                       
01005ed5  pxPortInitialiseStack              
01007451  resetISR                           
01007460  resetVectorAddr                    
01000800  resetVectors                       
01005959  secondThread                       
0100637d  sleep                              
010074f5  strlen                             
01007954  uartCC3220SHWAttrs                 
20008838  uartCC3220SObjects                 
20008a08  uartCC3220SRingBuffer              
01007b64  ulMaxSyscallInterruptPriority      
01003901  ulPortGetIPSR                      
010063c5  uxListRemove                       
01005ed3  vApplicationMallocFailedHook       
0100768d  vApplicationStackOverflowHook      
01006c91  vListInitialise                    
010075a9  vListInitialiseItem                
01005469  vListInsert                        
0100699d  vListInsertEnd                     
010060ed  vPortEnterCritical                 
01006cc1  vPortExitCritical                  
01004711  vPortFree                          
01003965  vPortSVCHandler                    
01005c29  vPortSetupTimerInterrupt           
01003989  vPortStartFirstTask                
01007509  vPortSuppressTicksAndSleep         
010051dd  vPortValidateInterruptPriority     
010070d9  vQueueDelete                       
010059b5  vQueueWaitForMessageRestricted     
01005a11  vTaskDelay                         
01002c95  vTaskDelete                        
010070fd  vTaskInternalSetTimeOutState       
01007659  vTaskMissedYield                   
01006bf9  vTaskPlaceOnEventList              
010067b5  vTaskPlaceOnEventListRestricted    
01002889  vTaskPriorityDisinheritAfterTimeout
01006e5d  vTaskSetApplicationTaskTag         
010048dd  vTaskStartScheduler                
01006631  vTaskStepTick                      
01002b99  vTaskSuspend                       
010075b9  vTaskSuspendAll                    
01003135  vTaskSwitchContext                 
01003919  xPortPendSVHandler                 
010035f9  xPortStartScheduler                
01006e89  xPortSysTickHandler                
01005c81  xQueueCreateCountingSemaphore      
010054cf  xQueueGenericCreate                
01003b1d  xQueueGenericReset                 
01001731  xQueueGenericSend                  
01002999  xQueueGenericSendFromISR           
01002e7f  xQueueGiveFromISR                  
01001c51  xQueueReceive                      
01003211  xQueueReceiveFromISR               
01001561  xQueueSemaphoreTake                
01003df1  xTaskCheckForTimeOut               
01004f11  xTaskCreate                        
01006eb5  xTaskGetApplicationTaskTag         
0100751d  xTaskGetCurrentTaskHandle          
01006cf1  xTaskGetSchedulerState             
01007531  xTaskGetTickCount                  
010021c5  xTaskIncrementTick                 
01003055  xTaskPriorityDisinherit            
01002f6d  xTaskPriorityInherit               
010043e9  xTaskRemoveFromEventList           
01002655  xTaskResumeAll                     
01006c2d  xTimerCreate                       
01005e2d  xTimerCreateTimerTask              
01004c9d  xTimerGenericCommand               


GLOBAL SYMBOLS: SORTED BY Symbol Address 

address   name                               
-------   ----                               
00000400  __STACK_SIZE                       
01000800  resetVectors                       
01000ce5  PRCMCC3200MCUInit                  
01001111  UARTCC32XX_open                    
01001389  GPIO_setConfig                     
01001561  xQueueSemaphoreTake                
01001731  xQueueGenericSend                  
010018e9  __aeabi_dsub                       
010018f3  __aeabi_dadd                       
01001a9f  DisplayUartMin_clear               
01001aa1  PowerCC32XX_sleepPolicy            
01001c51  xQueueReceive                      
01001dcd  pvPortMalloc                       
0100208d  pthread_create                     
010021c5  xTaskIncrementTick                 
010022fd  UARTCC32XX_close                   
0100241d  Power_sleep                        
01002655  xTaskResumeAll                     
01002889  vTaskPriorityDisinheritAfterTimeout
01002999  xQueueGenericSendFromISR           
01002a9b  __aeabi_dmul                       
01002b97  DisplayUartMin_clearLines          
01002b99  vTaskSuspend                       
01002c95  vTaskDelete                        
01002d8d  UARTCC32XX_control                 
01002e7f  xQueueGiveFromISR                  
01002f6d  xTaskPriorityInherit               
01003055  xTaskPriorityDisinherit            
01003135  vTaskSwitchContext                 
01003211  xQueueReceiveFromISR               
010032e7  UARTCC32XX_write                   
010033b1  GPIO_init                          
010035f9  xPortStartScheduler                
01003777  DisplayUartMin_init                
01003835  UARTCC32XX_readPolling             
01003901  ulPortGetIPSR                      
01003919  xPortPendSVHandler                 
01003965  vPortSVCHandler                    
01003989  vPortStartFirstTask                
010039ab  PowerCC32XX_initPolicy             
01003b1d  xQueueGenericReset                 
01003df1  xTaskCheckForTimeOut               
01003ff9  IntDisable                         
010040a1  IntEnable                          
01004149  PowerCC32XX_configureWakeup        
010041f1  main                               
010043e9  xTaskRemoveFromEventList           
010045d5  ClockP_create                      
01004675  __aeabi_memcpy                     
01004675  __aeabi_memcpy4                    
01004675  __aeabi_memcpy8                    
01004675  memcpy                             
01004711  vPortFree                          
01004845  __aeabi_uldivmod                   
010048db  UARTCC32XX_init                    
010048dd  vTaskStartScheduler                
01004a01  PinConfigSet                       
01004a89  __aeabi_cdcmpeq                    
01004a89  __aeabi_cdcmple                    
01004b11  Power_init                         
01004c9d  xTimerGenericCommand               
01004d21  Power_setDependency                
01004e97  __aeabi_memclr                     
01004e97  __aeabi_memclr4                    
01004e97  __aeabi_memclr8                    
01004e99  __aeabi_memset                     
01004e99  __aeabi_memset4                    
01004e99  __aeabi_memset8                    
01004e9f  memset                             
01004f11  xTaskCreate                        
01004f8d  GPIO_hwiIntFxn                     
010051dd  vPortValidateInterruptPriority     
01005331  mainThread                         
0100539b  __TI_decompress_lzss               
01005403  UARTCC32XX_writeCancel             
01005469  vListInsert                        
010054cf  xQueueGenericCreate                
01005535  ClockP_stop                        
01005599  GPIO_toggle                        
010055fd  PowerCC32XX_setParkState           
010056c5  UARTCC32XX_writePolling            
01005729  HwiP_create                        
01005789  PRCMSysResetCauseGet               
010057e9  Display_doOpen                     
01005845  GPIO_setCallback                   
010058fd  pthread_exit                       
01005959  secondThread                       
010059b5  vQueueWaitForMessageRestricted     
01005a11  vTaskDelay                         
01005ac9  GPIO_write                         
01005b21  PRCMPeripheralReset                
01005b79  Power_releaseDependency            
01005bd1  eTaskConfirmSleepModeStatus        
01005c29  vPortSetupTimerInterrupt           
01005c81  xQueueCreateCountingSemaphore      
01005cd9  SemaphoreP_create                  
01005d2f  __aeabi_idiv0                      
01005d2f  __aeabi_ldiv0                      
01005d31  ClockP_delete                      
01005d85  IntPrioritySet                     
01005e2d  xTimerCreateTimerTask              
01005e81  PowerCC32XX_resumeLPDS             
01005ed3  vApplicationMallocFailedHook       
01005ed5  pxPortInitialiseStack              
01005f25  GPIO_enableInt                     
01005f71  PowerCC32XX_parkPin                
01005fbd  initVectors                        
010060ed  vPortEnterCritical                 
01006139  DisplayUartMin_open                
01006185  FlashDisable                       
010061cd  HwiP_dispatch                      
01006215  PRCMLPDSEnter                      
0100625d  PRCMPeripheralClkEnable            
010062a5  Power_releaseConstraint            
010062ed  gpio_config_setup                  
01006335  __aeabi_d2iz                       
0100637d  sleep                              
010063c5  uxListRemove                       
0100640d  DisplayUartMin_vprintf             
01006453  RingBuf_put                        
01006499  PRCMLPDSRestoreInfoSet             
010064dd  PowerCC32XX_enterLPDS              
01006521  UART_init                          
01006565  __TI_auto_init_nobinit_nopinit     
010065ed  __aeabi_d2uiz                      
01006631  vTaskStepTick                      
01006675  PinModeSet                         
010066b5  RingBuf_get                        
010066f5  UARTCC32XX_read                    
01006735  UART_open                          
01006775  __aeabi_uidiv                      
01006775  __aeabi_uidivmod                   
010067b5  vTaskPlaceOnEventListRestricted    
010067f5  ClockP_callbackFxn                 
01006833  pthread_setcancelstate             
01006871  PRCMSlowClkCtrFastGet              
010068ad  Power_setConstraint                
01006961  pvTaskGetThreadLocalStoragePointer 
0100699d  vListInsertEnd                     
010069d9  GPIO_read                          
01006a11  PRCMLPDSEnterKeepDebugIf           
01006af1  UARTCC32XX_readCancel              
01006b29  PinModeGet                         
01006b5d  PowerCC32XX_restoreParkState       
01006b91  SemaphoreP_pend                    
01006bf9  vTaskPlaceOnEventList              
01006c2d  xTimerCreate                       
01006c61  PowerCC32XX_restoreParkedPin       
01006c91  vListInitialise                    
01006cc1  vPortExitCritical                  
01006cf1  xTaskGetSchedulerState             
01006d4f  pvTimerGetTimerID                  
01006d7d  __aeabi_i2d                        
01006dad  HwiP_disable                       
01006dd9  PRCMLPDSIntervalSet                
01006e05  PowerCC32XX_getParkState           
01006e31  SemaphoreP_createBinary            
01006e5d  vTaskSetApplicationTaskTag         
01006e89  xPortSysTickHandler                
01006eb5  xTaskGetApplicationTaskTag         
01006ee1  Display_doPrintf                   
01006f0d  HwiP_inISR                         
01006f35  PRCMLPDSWakeupSourceEnable         
01006f5d  PRCMPeripheralClkDisable           
01006f85  Power_registerNotify               
01006fad  pthread_attr_setschedparam         
01006fd5  List_put                           
01006ffb  List_remove                        
01007021  _pthread_cleanup_pop               
0100706d  IntUnregister                      
01007091  _c_int00_noargs                    
010070d9  vQueueDelete                       
010070fd  vTaskInternalSetTimeOutState       
01007121  SemaphoreP_post                    
01007143  SystemP_vsnprintf                  
01007165  pthread_attr_setdetachstate        
01007189  ClockP_getCpuFreq                  
010071a9  HwiP_restore                       
010071c9  IntRegister                        
010071e9  Power_unregisterNotify             
01007209  RingBuf_peek                       
01007269  ClockP_start                       
01007287  HwiP_Params_init                   
010072c3  ClockP_Params_init                 
010072e1  PinToPadGet                        
010072fd  pthread_attr_init                  
01007319  pvTaskIncrementMutexHeldCount      
01007335  PTLS_taskDeleteHook                
01007369  Power_idleFunc                     
01007381  UARTBusy                           
01007399  UARTIntEnable                      
010073b1  UART_Params_init                   
010073c9  __aeabi_lmul                       
010073e1  ClockP_setTimeout                  
010073f7  DisplayUartMin_close               
0100740d  PRCMHIBRegRead                     
01007423  PRCMHIBRegWrite                    
01007439  SemaphoreP_Params_init             
01007451  resetISR                           
01007460  resetVectorAddr                    
01007467  CPUcpsie                           
0100747d  IntVTableBaseSet                   
01007491  Power_getDependencyCount           
010074b9  pthread_attr_setstacksize          
010074cd  pthread_self                       
010074f5  strlen                             
01007509  vPortSuppressTicksAndSleep         
0100751d  xTaskGetCurrentTaskHandle          
01007531  xTaskGetTickCount                  
01007545  HwiP_delete                        
01007557  RingBuf_construct                  
01007569  ClockP_getSystemTickPeriod         
01007579  SysTickDisable                     
01007589  SysTickEnable                      
010075a9  vListInitialiseItem                
010075b9  vTaskSuspendAll                    
010075c9  Power_getTransitionLatency         
010075d7  RingBuf_isFull                     
010075e5  __TI_decompress_none               
010075f3  gpioButtonFxn0                     
01007601  gpioButtonFxn1                     
0100760f  CC3220SF_LAUNCHXL_initGeneral      
0100761b  CPUwfi                             
01007629  Power_getConstraintMask            
01007635  SemaphoreP_delete                  
01007641  __TI_zero_init                     
01007659  vTaskMissedYield                   
01007665  IntMasterEnable                    
0100766f  UART_close                         
01007679  UART_control                       
01007683  UART_write                         
0100768d  vApplicationStackOverflowHook      
01007697  Board_init                         
0100769f  PRCMSleepEnter                     
010076b7  DisplayUartMin_control             
010076bd  DisplayUartMin_getType             
010076c3  Display_doParamsInit               
010076c9  UtilsDelay                         
010076cf  _system_pre_init                   
010076d3  C$$EXIT                            
010076d3  abort                              
01007954  uartCC3220SHWAttrs                 
0100799c  PowerCC32XX_config                 
010079dc  UARTCC32XX_fxnTable                
01007a04  UART_defaultParams                 
01007a49  Display_defaultParams              
01007a4c  DisplayUartMin_fxnTable            
01007a8c  UART_config                        
01007ad4  GPIOCC32XX_config                  
01007ae8  displayUartHWAttrs                 
01007b48  ADC_count                          
01007b49  Capture_count                      
01007b4a  CryptoCC32XX_count                 
01007b4b  Display_count                      
01007b4c  I2C_count                          
01007b4d  I2S_count                          
01007b4e  PWM_count                          
01007b4f  SDFatFS_count                      
01007b50  SD_count                           
01007b51  SPI_count                          
01007b52  Timer_count                        
01007b53  UART_count                         
01007b54  Watchdog_count                     
01007b58  Display_config                     
01007b64  ulMaxSyscallInterruptPriority      
01007b6c  outPinTypes                        
01007b82  inPinTypes                         
01007b88  outPinStrengths                    
01007ba0  __TI_static_base__                 
01007cac  __TI_Handler_Table_Base            
01007cb8  __TI_Handler_Table_Limit           
01007cc0  __TI_CINIT_Base                    
01007cd0  __TI_CINIT_Limit                   
2000870c  PowerCC32XX_contextSave            
20008838  uartCC3220SObjects                 
20008a08  uartCC3220SRingBuffer              
20008b08  displayUartObject                  
20008b30  HwiP_dispatchTable                 
20009330  PowerCC32XX_module                 
2000949c  parkInfo                           
20009594  gpioPinConfigs                     
200095e8  pxCurrentTCB                       
20009658  gpioCallbackFunctions              
2003fc00  __stack                            
20040000  __STACK_END                        
ffffffff  __TI_pprof_out_hndl                
ffffffff  __TI_prof_data_size                
ffffffff  __TI_prof_data_start               
ffffffff  __binit__                          
ffffffff  __c_args__                         
ffffffff  binit                              
UNDEFED   __mpu_init                         
UNDEFED   _system_post_cinit                 

[293 symbols]
