<?xml version="1.0" encoding="ISO-8859-1" ?>
<link_info>
   <banner>TI ARM Linker PC v18.12.1.LTS</banner>
   <copyright>Copyright (c) 1996-2018 Texas Instruments Incorporated</copyright>
   <link_time>0x5d0e441d</link_time>
   <link_errors>0x0</link_errors>
   <output_file>empty_CC3220SF_LAUNCHXL_freertos_ccs.out</output_file>
   <entry_point>
      <name>resetISR</name>
      <address>0x1007451</address>
   </entry_point>
   <input_file_list>
      <input_file id="fl-2">
         <path>.\</path>
         <kind>object</kind>
         <file>CC3220SF_LAUNCHXL.obj</file>
         <name>CC3220SF_LAUNCHXL.obj</name>
      </input_file>
      <input_file id="fl-3">
         <path>.\</path>
         <kind>object</kind>
         <file>empty.obj</file>
         <name>empty.obj</name>
      </input_file>
      <input_file id="fl-4">
         <path>.\</path>
         <kind>object</kind>
         <file>main_freertos.obj</file>
         <name>main_freertos.obj</name>
      </input_file>
      <input_file id="fl-5">
         <path>.\System_extend\</path>
         <kind>object</kind>
         <file>gpio.obj</file>
         <name>gpio.obj</name>
      </input_file>
      <input_file id="fl-10">
         <kind>object</kind>
         <file>&lt;internal&gt;</file>
         <name>&lt;internal&gt;</name>
      </input_file>
      <input_file id="fl-11">
         <path>C:\ti\simplelink_cc32xx_sdk_3_10_00_04\source\ti\display\lib\</path>
         <kind>archive</kind>
         <file>display.aem4</file>
         <name>Display.oem4</name>
      </input_file>
      <input_file id="fl-12">
         <path>C:\ti\simplelink_cc32xx_sdk_3_10_00_04\source\ti\display\lib\</path>
         <kind>archive</kind>
         <file>display.aem4</file>
         <name>DisplayUart.oem4</name>
      </input_file>
      <input_file id="fl-13">
         <path>C:\ti\simplelink_cc32xx_sdk_3_10_00_04\source\ti\drivers\lib\</path>
         <kind>archive</kind>
         <file>drivers_cc32xx.aem4</file>
         <name>ADCCC32XX.oem4</name>
      </input_file>
      <input_file id="fl-14">
         <path>C:\ti\simplelink_cc32xx_sdk_3_10_00_04\source\ti\drivers\lib\</path>
         <kind>archive</kind>
         <file>drivers_cc32xx.aem4</file>
         <name>CaptureCC32XX.oem4</name>
      </input_file>
      <input_file id="fl-15">
         <path>C:\ti\simplelink_cc32xx_sdk_3_10_00_04\source\ti\drivers\lib\</path>
         <kind>archive</kind>
         <file>drivers_cc32xx.aem4</file>
         <name>GPIOCC32XX.oem4</name>
      </input_file>
      <input_file id="fl-16">
         <path>C:\ti\simplelink_cc32xx_sdk_3_10_00_04\source\ti\drivers\lib\</path>
         <kind>archive</kind>
         <file>drivers_cc32xx.aem4</file>
         <name>I2CCC32XX.oem4</name>
      </input_file>
      <input_file id="fl-17">
         <path>C:\ti\simplelink_cc32xx_sdk_3_10_00_04\source\ti\drivers\lib\</path>
         <kind>archive</kind>
         <file>drivers_cc32xx.aem4</file>
         <name>PowerCC32XX.oem4</name>
      </input_file>
      <input_file id="fl-18">
         <path>C:\ti\simplelink_cc32xx_sdk_3_10_00_04\source\ti\drivers\lib\</path>
         <kind>archive</kind>
         <file>drivers_cc32xx.aem4</file>
         <name>PowerCC32XX_asm.oem4</name>
      </input_file>
      <input_file id="fl-19">
         <path>C:\ti\simplelink_cc32xx_sdk_3_10_00_04\source\ti\drivers\lib\</path>
         <kind>archive</kind>
         <file>drivers_cc32xx.aem4</file>
         <name>PWMTimerCC32XX.oem4</name>
      </input_file>
      <input_file id="fl-1a">
         <path>C:\ti\simplelink_cc32xx_sdk_3_10_00_04\source\ti\drivers\lib\</path>
         <kind>archive</kind>
         <file>drivers_cc32xx.aem4</file>
         <name>SDHostCC32XX.oem4</name>
      </input_file>
      <input_file id="fl-1b">
         <path>C:\ti\simplelink_cc32xx_sdk_3_10_00_04\source\ti\drivers\lib\</path>
         <kind>archive</kind>
         <file>drivers_cc32xx.aem4</file>
         <name>SPICC32XXDMA.oem4</name>
      </input_file>
      <input_file id="fl-1c">
         <path>C:\ti\simplelink_cc32xx_sdk_3_10_00_04\source\ti\drivers\lib\</path>
         <kind>archive</kind>
         <file>drivers_cc32xx.aem4</file>
         <name>TimerCC32XX.oem4</name>
      </input_file>
      <input_file id="fl-1d">
         <path>C:\ti\simplelink_cc32xx_sdk_3_10_00_04\source\ti\drivers\lib\</path>
         <kind>archive</kind>
         <file>drivers_cc32xx.aem4</file>
         <name>UART.oem4</name>
      </input_file>
      <input_file id="fl-1e">
         <path>C:\ti\simplelink_cc32xx_sdk_3_10_00_04\source\ti\drivers\lib\</path>
         <kind>archive</kind>
         <file>drivers_cc32xx.aem4</file>
         <name>UARTCC32XX.oem4</name>
      </input_file>
      <input_file id="fl-1f">
         <path>C:\ti\simplelink_cc32xx_sdk_3_10_00_04\source\ti\drivers\lib\</path>
         <kind>archive</kind>
         <file>drivers_cc32xx.aem4</file>
         <name>WatchdogCC32XX.oem4</name>
      </input_file>
      <input_file id="fl-20">
         <path>C:\ti\simplelink_cc32xx_sdk_3_10_00_04\source\ti\drivers\lib\</path>
         <kind>archive</kind>
         <file>drivers_cc32xx.aem4</file>
         <name>List.oem4</name>
      </input_file>
      <input_file id="fl-21">
         <path>C:\ti\simplelink_cc32xx_sdk_3_10_00_04\source\ti\drivers\lib\</path>
         <kind>archive</kind>
         <file>drivers_cc32xx.aem4</file>
         <name>RingBuf.oem4</name>
      </input_file>
      <input_file id="fl-22">
         <path>C:\ti\simplelink_cc32xx_sdk_3_10_00_04\source\ti\drivers\lib\</path>
         <kind>archive</kind>
         <file>drivers_cc32xx.aem4</file>
         <name>UDMACC32XX.oem4</name>
      </input_file>
      <input_file id="fl-23">
         <path>E:\workspace\freertos_builds_CC3220SF_LAUNCHXL_release_ccs\Debug\</path>
         <kind>archive</kind>
         <file>freertos_builds_CC3220SF_LAUNCHXL_release_ccs.lib</file>
         <name>ClockP_freertos.obj</name>
      </input_file>
      <input_file id="fl-24">
         <path>E:\workspace\freertos_builds_CC3220SF_LAUNCHXL_release_ccs\Debug\</path>
         <kind>archive</kind>
         <file>freertos_builds_CC3220SF_LAUNCHXL_release_ccs.lib</file>
         <name>HwiPCC32XX_freertos.obj</name>
      </input_file>
      <input_file id="fl-25">
         <path>E:\workspace\freertos_builds_CC3220SF_LAUNCHXL_release_ccs\Debug\</path>
         <kind>archive</kind>
         <file>freertos_builds_CC3220SF_LAUNCHXL_release_ccs.lib</file>
         <name>PowerCC32XX_freertos.obj</name>
      </input_file>
      <input_file id="fl-26">
         <path>E:\workspace\freertos_builds_CC3220SF_LAUNCHXL_release_ccs\Debug\</path>
         <kind>archive</kind>
         <file>freertos_builds_CC3220SF_LAUNCHXL_release_ccs.lib</file>
         <name>SemaphoreP_freertos.obj</name>
      </input_file>
      <input_file id="fl-27">
         <path>E:\workspace\freertos_builds_CC3220SF_LAUNCHXL_release_ccs\Debug\</path>
         <kind>archive</kind>
         <file>freertos_builds_CC3220SF_LAUNCHXL_release_ccs.lib</file>
         <name>SystemP_freertos.obj</name>
      </input_file>
      <input_file id="fl-28">
         <path>E:\workspace\freertos_builds_CC3220SF_LAUNCHXL_release_ccs\Debug\</path>
         <kind>archive</kind>
         <file>freertos_builds_CC3220SF_LAUNCHXL_release_ccs.lib</file>
         <name>heap_4.obj</name>
      </input_file>
      <input_file id="fl-29">
         <path>E:\workspace\freertos_builds_CC3220SF_LAUNCHXL_release_ccs\Debug\</path>
         <kind>archive</kind>
         <file>freertos_builds_CC3220SF_LAUNCHXL_release_ccs.lib</file>
         <name>queue.obj</name>
      </input_file>
      <input_file id="fl-2a">
         <path>E:\workspace\freertos_builds_CC3220SF_LAUNCHXL_release_ccs\Debug\</path>
         <kind>archive</kind>
         <file>freertos_builds_CC3220SF_LAUNCHXL_release_ccs.lib</file>
         <name>tasks.obj</name>
      </input_file>
      <input_file id="fl-2b">
         <path>E:\workspace\freertos_builds_CC3220SF_LAUNCHXL_release_ccs\Debug\</path>
         <kind>archive</kind>
         <file>freertos_builds_CC3220SF_LAUNCHXL_release_ccs.lib</file>
         <name>timers.obj</name>
      </input_file>
      <input_file id="fl-2c">
         <path>E:\workspace\freertos_builds_CC3220SF_LAUNCHXL_release_ccs\Debug\</path>
         <kind>archive</kind>
         <file>freertos_builds_CC3220SF_LAUNCHXL_release_ccs.lib</file>
         <name>port.obj</name>
      </input_file>
      <input_file id="fl-2d">
         <path>E:\workspace\freertos_builds_CC3220SF_LAUNCHXL_release_ccs\Debug\</path>
         <kind>archive</kind>
         <file>freertos_builds_CC3220SF_LAUNCHXL_release_ccs.lib</file>
         <name>portasm.obj</name>
      </input_file>
      <input_file id="fl-2e">
         <path>E:\workspace\freertos_builds_CC3220SF_LAUNCHXL_release_ccs\Debug\</path>
         <kind>archive</kind>
         <file>freertos_builds_CC3220SF_LAUNCHXL_release_ccs.lib</file>
         <name>startup_cc32xx_ccs.obj</name>
      </input_file>
      <input_file id="fl-2f">
         <path>E:\workspace\freertos_builds_CC3220SF_LAUNCHXL_release_ccs\Debug\</path>
         <kind>archive</kind>
         <file>freertos_builds_CC3220SF_LAUNCHXL_release_ccs.lib</file>
         <name>PTLS.obj</name>
      </input_file>
      <input_file id="fl-30">
         <path>E:\workspace\freertos_builds_CC3220SF_LAUNCHXL_release_ccs\Debug\</path>
         <kind>archive</kind>
         <file>freertos_builds_CC3220SF_LAUNCHXL_release_ccs.lib</file>
         <name>pthread.obj</name>
      </input_file>
      <input_file id="fl-31">
         <path>E:\workspace\freertos_builds_CC3220SF_LAUNCHXL_release_ccs\Debug\</path>
         <kind>archive</kind>
         <file>freertos_builds_CC3220SF_LAUNCHXL_release_ccs.lib</file>
         <name>sleep.obj</name>
      </input_file>
      <input_file id="fl-32">
         <path>E:\workspace\freertos_builds_CC3220SF_LAUNCHXL_release_ccs\Debug\</path>
         <kind>archive</kind>
         <file>freertos_builds_CC3220SF_LAUNCHXL_release_ccs.lib</file>
         <name>list.obj</name>
      </input_file>
      <input_file id="fl-33">
         <path>E:\workspace\freertos_builds_CC3220SF_LAUNCHXL_release_ccs\Debug\</path>
         <kind>archive</kind>
         <file>freertos_builds_CC3220SF_LAUNCHXL_release_ccs.lib</file>
         <name>aeabi_portable.obj</name>
      </input_file>
      <input_file id="fl-34">
         <path>C:\ti\simplelink_cc32xx_sdk_3_10_00_04\source\ti\devices\cc32xx\driverlib\ccs\Release\</path>
         <kind>archive</kind>
         <file>driverlib.a</file>
         <name>interrupt.obj</name>
      </input_file>
      <input_file id="fl-35">
         <path>C:\ti\simplelink_cc32xx_sdk_3_10_00_04\source\ti\devices\cc32xx\driverlib\ccs\Release\</path>
         <kind>archive</kind>
         <file>driverlib.a</file>
         <name>pin.obj</name>
      </input_file>
      <input_file id="fl-36">
         <path>C:\ti\simplelink_cc32xx_sdk_3_10_00_04\source\ti\devices\cc32xx\driverlib\ccs\Release\</path>
         <kind>archive</kind>
         <file>driverlib.a</file>
         <name>prcm.obj</name>
      </input_file>
      <input_file id="fl-37">
         <path>C:\ti\simplelink_cc32xx_sdk_3_10_00_04\source\ti\devices\cc32xx\driverlib\ccs\Release\</path>
         <kind>archive</kind>
         <file>driverlib.a</file>
         <name>sdhost.obj</name>
      </input_file>
      <input_file id="fl-38">
         <path>C:\ti\simplelink_cc32xx_sdk_3_10_00_04\source\ti\devices\cc32xx\driverlib\ccs\Release\</path>
         <kind>archive</kind>
         <file>driverlib.a</file>
         <name>systick.obj</name>
      </input_file>
      <input_file id="fl-39">
         <path>C:\ti\simplelink_cc32xx_sdk_3_10_00_04\source\ti\devices\cc32xx\driverlib\ccs\Release\</path>
         <kind>archive</kind>
         <file>driverlib.a</file>
         <name>timer.obj</name>
      </input_file>
      <input_file id="fl-3a">
         <path>C:\ti\simplelink_cc32xx_sdk_3_10_00_04\source\ti\devices\cc32xx\driverlib\ccs\Release\</path>
         <kind>archive</kind>
         <file>driverlib.a</file>
         <name>uart.obj</name>
      </input_file>
      <input_file id="fl-3b">
         <path>C:\ti\simplelink_cc32xx_sdk_3_10_00_04\source\ti\devices\cc32xx\driverlib\ccs\Release\</path>
         <kind>archive</kind>
         <file>driverlib.a</file>
         <name>udma.obj</name>
      </input_file>
      <input_file id="fl-3c">
         <path>C:\ti\simplelink_cc32xx_sdk_3_10_00_04\source\ti\devices\cc32xx\driverlib\ccs\Release\</path>
         <kind>archive</kind>
         <file>driverlib.a</file>
         <name>utils.obj</name>
      </input_file>
      <input_file id="fl-3d">
         <path>C:\ti\simplelink_cc32xx_sdk_3_10_00_04\source\ti\devices\cc32xx\driverlib\ccs\Release\</path>
         <kind>archive</kind>
         <file>driverlib.a</file>
         <name>cpu.obj</name>
      </input_file>
      <input_file id="fl-3e">
         <path>C:\ti\simplelink_cc32xx_sdk_3_10_00_04\source\ti\devices\cc32xx\driverlib\ccs\Release\</path>
         <kind>archive</kind>
         <file>driverlib.a</file>
         <name>flash.obj</name>
      </input_file>
      <input_file id="fl-f4">
         <path>E:\ti\ccs\tools\compiler\ti-cgt-arm_18.12.1.LTS\lib\</path>
         <kind>archive</kind>
         <file>rtsv7M4_T_le_eabi.lib</file>
         <name>ull_div_t2.asm.obj</name>
      </input_file>
      <input_file id="fl-f5">
         <path>E:\ti\ccs\tools\compiler\ti-cgt-arm_18.12.1.LTS\lib\</path>
         <kind>archive</kind>
         <file>rtsv7M4_T_le_eabi.lib</file>
         <name>fd_add_t2.asm.obj</name>
      </input_file>
      <input_file id="fl-f6">
         <path>E:\ti\ccs\tools\compiler\ti-cgt-arm_18.12.1.LTS\lib\</path>
         <kind>archive</kind>
         <file>rtsv7M4_T_le_eabi.lib</file>
         <name>fd_cmp_t2.asm.obj</name>
      </input_file>
      <input_file id="fl-f7">
         <path>E:\ti\ccs\tools\compiler\ti-cgt-arm_18.12.1.LTS\lib\</path>
         <kind>archive</kind>
         <file>rtsv7M4_T_le_eabi.lib</file>
         <name>fd_mul_t2.asm.obj</name>
      </input_file>
      <input_file id="fl-f8">
         <path>E:\ti\ccs\tools\compiler\ti-cgt-arm_18.12.1.LTS\lib\</path>
         <kind>archive</kind>
         <file>rtsv7M4_T_le_eabi.lib</file>
         <name>fd_toi_t2.asm.obj</name>
      </input_file>
      <input_file id="fl-f9">
         <path>E:\ti\ccs\tools\compiler\ti-cgt-arm_18.12.1.LTS\lib\</path>
         <kind>archive</kind>
         <file>rtsv7M4_T_le_eabi.lib</file>
         <name>fd_tou_t2.asm.obj</name>
      </input_file>
      <input_file id="fl-fa">
         <path>E:\ti\ccs\tools\compiler\ti-cgt-arm_18.12.1.LTS\lib\</path>
         <kind>archive</kind>
         <file>rtsv7M4_T_le_eabi.lib</file>
         <name>i_tofd_t2.asm.obj</name>
      </input_file>
      <input_file id="fl-fb">
         <path>E:\ti\ccs\tools\compiler\ti-cgt-arm_18.12.1.LTS\lib\</path>
         <kind>archive</kind>
         <file>rtsv7M4_T_le_eabi.lib</file>
         <name>ll_mul_t2.asm.obj</name>
      </input_file>
      <input_file id="fl-fc">
         <path>E:\ti\ccs\tools\compiler\ti-cgt-arm_18.12.1.LTS\lib\</path>
         <kind>archive</kind>
         <file>rtsv7M4_T_le_eabi.lib</file>
         <name>memcpy_t2.asm.obj</name>
      </input_file>
      <input_file id="fl-fd">
         <path>E:\ti\ccs\tools\compiler\ti-cgt-arm_18.12.1.LTS\lib\</path>
         <kind>archive</kind>
         <file>rtsv7M4_T_le_eabi.lib</file>
         <name>u_tofd_t2.asm.obj</name>
      </input_file>
      <input_file id="fl-fe">
         <path>E:\ti\ccs\tools\compiler\ti-cgt-arm_18.12.1.LTS\lib\</path>
         <kind>archive</kind>
         <file>rtsv7M4_T_le_eabi.lib</file>
         <name>u_divt2.asm.obj</name>
      </input_file>
      <input_file id="fl-ff">
         <path>E:\ti\ccs\tools\compiler\ti-cgt-arm_18.12.1.LTS\lib\</path>
         <kind>archive</kind>
         <file>rtsv7M4_T_le_eabi.lib</file>
         <name>memset_t2.asm.obj</name>
      </input_file>
      <input_file id="fl-100">
         <path>E:\ti\ccs\tools\compiler\ti-cgt-arm_18.12.1.LTS\lib\</path>
         <kind>archive</kind>
         <file>rtsv7M4_T_le_eabi.lib</file>
         <name>copy_zero_init.c.obj</name>
      </input_file>
      <input_file id="fl-101">
         <path>E:\ti\ccs\tools\compiler\ti-cgt-arm_18.12.1.LTS\lib\</path>
         <kind>archive</kind>
         <file>rtsv7M4_T_le_eabi.lib</file>
         <name>copy_decompress_none.c.obj</name>
      </input_file>
      <input_file id="fl-102">
         <path>E:\ti\ccs\tools\compiler\ti-cgt-arm_18.12.1.LTS\lib\</path>
         <kind>archive</kind>
         <file>rtsv7M4_T_le_eabi.lib</file>
         <name>copy_decompress_lzss.c.obj</name>
      </input_file>
      <input_file id="fl-103">
         <path>E:\ti\ccs\tools\compiler\ti-cgt-arm_18.12.1.LTS\lib\</path>
         <kind>archive</kind>
         <file>rtsv7M4_T_le_eabi.lib</file>
         <name>strlen.c.obj</name>
      </input_file>
      <input_file id="fl-104">
         <path>E:\ti\ccs\tools\compiler\ti-cgt-arm_18.12.1.LTS\lib\</path>
         <kind>archive</kind>
         <file>rtsv7M4_T_le_eabi.lib</file>
         <name>boot_cortex_m.c.obj</name>
      </input_file>
      <input_file id="fl-105">
         <path>E:\ti\ccs\tools\compiler\ti-cgt-arm_18.12.1.LTS\lib\</path>
         <kind>archive</kind>
         <file>rtsv7M4_T_le_eabi.lib</file>
         <name>div0.asm.obj</name>
      </input_file>
      <input_file id="fl-106">
         <path>E:\ti\ccs\tools\compiler\ti-cgt-arm_18.12.1.LTS\lib\</path>
         <kind>archive</kind>
         <file>rtsv7M4_T_le_eabi.lib</file>
         <name>autoinit.c.obj</name>
      </input_file>
      <input_file id="fl-107">
         <path>E:\ti\ccs\tools\compiler\ti-cgt-arm_18.12.1.LTS\lib\</path>
         <kind>archive</kind>
         <file>rtsv7M4_T_le_eabi.lib</file>
         <name>pre_init.c.obj</name>
      </input_file>
      <input_file id="fl-108">
         <path>E:\ti\ccs\tools\compiler\ti-cgt-arm_18.12.1.LTS\lib\</path>
         <kind>archive</kind>
         <file>rtsv7M4_T_le_eabi.lib</file>
         <name>cpy_tbl.c.obj</name>
      </input_file>
      <input_file id="fl-109">
         <path>E:\ti\ccs\tools\compiler\ti-cgt-arm_18.12.1.LTS\lib\</path>
         <kind>archive</kind>
         <file>rtsv7M4_T_le_eabi.lib</file>
         <name>exit.c.obj</name>
      </input_file>
      <input_file id="fl-10a">
         <path>E:\ti\ccs\tools\compiler\ti-cgt-arm_18.12.1.LTS\lib\</path>
         <kind>archive</kind>
         <file>rtsv7M4_T_le_eabi.lib</file>
         <name>_lock.c.obj</name>
      </input_file>
      <input_file id="fl-10b">
         <path>E:\ti\ccs\tools\compiler\ti-cgt-arm_18.12.1.LTS\lib\</path>
         <kind>archive</kind>
         <file>rtsv7M4_T_le_eabi.lib</file>
         <name>args_main.c.obj</name>
      </input_file>
   </input_file_list>
   <object_component_list>
      <object_component id="oc-ad4">
         <name>.text:doPrint</name>
         <load_address>0x1000840</load_address>
         <run_address>0x1000840</run_address>
         <size>0x4a4</size>
         <input_file_ref idref="fl-27"/>
      </object_component>
      <object_component id="oc-3e3">
         <name>.text:PRCMCC3200MCUInit</name>
         <load_address>0x1000ce4</load_address>
         <run_address>0x1000ce4</run_address>
         <size>0x42c</size>
         <input_file_ref idref="fl-36"/>
      </object_component>
      <object_component id="oc-7f2">
         <name>.text:UARTCC32XX_open</name>
         <load_address>0x1001110</load_address>
         <run_address>0x1001110</run_address>
         <size>0x278</size>
         <input_file_ref idref="fl-1e"/>
      </object_component>
      <object_component id="oc-34d">
         <name>.text:GPIO_setConfig</name>
         <load_address>0x1001388</load_address>
         <run_address>0x1001388</run_address>
         <size>0x1d8</size>
         <input_file_ref idref="fl-15"/>
      </object_component>
      <object_component id="oc-64c">
         <name>.text:xQueueSemaphoreTake</name>
         <load_address>0x1001560</load_address>
         <run_address>0x1001560</run_address>
         <size>0x1d0</size>
         <input_file_ref idref="fl-29"/>
      </object_component>
      <object_component id="oc-5e9">
         <name>.text:xQueueGenericSend</name>
         <load_address>0x1001730</load_address>
         <run_address>0x1001730</run_address>
         <size>0x1b8</size>
         <input_file_ref idref="fl-29"/>
      </object_component>
      <object_component id="oc-b81">
         <name>.text</name>
         <load_address>0x10018e8</load_address>
         <run_address>0x10018e8</run_address>
         <size>0x1b6</size>
         <input_file_ref idref="fl-f5"/>
      </object_component>
      <object_component id="oc-82e">
         <name>.text:DisplayUartMin_clear</name>
         <load_address>0x1001a9e</load_address>
         <run_address>0x1001a9e</run_address>
         <size>0x2</size>
         <input_file_ref idref="fl-12"/>
      </object_component>
      <object_component id="oc-6f2">
         <name>.text:PowerCC32XX_sleepPolicy</name>
         <load_address>0x1001aa0</load_address>
         <run_address>0x1001aa0</run_address>
         <size>0x1b0</size>
         <input_file_ref idref="fl-25"/>
      </object_component>
      <object_component id="oc-781">
         <name>.text:xQueueReceive</name>
         <load_address>0x1001c50</load_address>
         <run_address>0x1001c50</run_address>
         <size>0x17c</size>
         <input_file_ref idref="fl-29"/>
      </object_component>
      <object_component id="oc-2f4">
         <name>.text:pvPortMalloc</name>
         <load_address>0x1001dcc</load_address>
         <run_address>0x1001dcc</run_address>
         <size>0x178</size>
         <input_file_ref idref="fl-28"/>
      </object_component>
      <object_component id="oc-a03">
         <name>.text:parkPins</name>
         <load_address>0x1001f44</load_address>
         <run_address>0x1001f44</run_address>
         <size>0x148</size>
         <input_file_ref idref="fl-17"/>
      </object_component>
      <object_component id="oc-17d">
         <name>.text:pthread_create</name>
         <load_address>0x100208c</load_address>
         <run_address>0x100208c</run_address>
         <size>0x138</size>
         <input_file_ref idref="fl-30"/>
      </object_component>
      <object_component id="oc-d6">
         <name>.text:xTaskIncrementTick</name>
         <load_address>0x10021c4</load_address>
         <run_address>0x10021c4</run_address>
         <size>0x138</size>
         <input_file_ref idref="fl-2a"/>
      </object_component>
      <object_component id="oc-7e0">
         <name>.text:UARTCC32XX_close</name>
         <load_address>0x10022fc</load_address>
         <run_address>0x10022fc</run_address>
         <size>0x120</size>
         <input_file_ref idref="fl-1e"/>
      </object_component>
      <object_component id="oc-8a6">
         <name>.text:Power_sleep</name>
         <load_address>0x100241c</load_address>
         <run_address>0x100241c</run_address>
         <size>0x11c</size>
         <input_file_ref idref="fl-17"/>
      </object_component>
      <object_component id="oc-42d">
         <name>.text:prvInitialiseNewTask</name>
         <load_address>0x1002538</load_address>
         <run_address>0x1002538</run_address>
         <size>0x11c</size>
         <input_file_ref idref="fl-2a"/>
      </object_component>
      <object_component id="oc-324">
         <name>.text:xTaskResumeAll</name>
         <load_address>0x1002654</load_address>
         <run_address>0x1002654</run_address>
         <size>0x11c</size>
         <input_file_ref idref="fl-2a"/>
      </object_component>
      <object_component id="oc-61d">
         <name>.text:prvProcessReceivedCommands</name>
         <load_address>0x1002770</load_address>
         <run_address>0x1002770</run_address>
         <size>0x118</size>
         <input_file_ref idref="fl-2b"/>
      </object_component>
      <object_component id="oc-7b5">
         <name>.text:vTaskPriorityDisinheritAfterTimeout</name>
         <load_address>0x1002888</load_address>
         <run_address>0x1002888</run_address>
         <size>0x110</size>
         <input_file_ref idref="fl-2a"/>
      </object_component>
      <object_component id="oc-8f9">
         <name>.text:xQueueGenericSendFromISR</name>
         <load_address>0x1002998</load_address>
         <run_address>0x1002998</run_address>
         <size>0x102</size>
         <input_file_ref idref="fl-29"/>
      </object_component>
      <object_component id="oc-b86">
         <name>.text</name>
         <load_address>0x1002a9a</load_address>
         <run_address>0x1002a9a</run_address>
         <size>0xfc</size>
         <input_file_ref idref="fl-f7"/>
      </object_component>
      <object_component id="oc-834">
         <name>.text:DisplayUartMin_clearLines</name>
         <load_address>0x1002b96</load_address>
         <run_address>0x1002b96</run_address>
         <size>0x2</size>
         <input_file_ref idref="fl-12"/>
      </object_component>
      <object_component id="oc-5ef">
         <name>.text:vTaskSuspend</name>
         <load_address>0x1002b98</load_address>
         <run_address>0x1002b98</run_address>
         <size>0xfc</size>
         <input_file_ref idref="fl-2a"/>
      </object_component>
      <object_component id="oc-5f5">
         <name>.text:vTaskDelete</name>
         <load_address>0x1002c94</load_address>
         <run_address>0x1002c94</run_address>
         <size>0xf8</size>
         <input_file_ref idref="fl-2a"/>
      </object_component>
      <object_component id="oc-7e6">
         <name>.text:UARTCC32XX_control</name>
         <load_address>0x1002d8c</load_address>
         <run_address>0x1002d8c</run_address>
         <size>0xf2</size>
         <input_file_ref idref="fl-1e"/>
      </object_component>
      <object_component id="oc-65c">
         <name>.text:xQueueGiveFromISR</name>
         <load_address>0x1002e7e</load_address>
         <run_address>0x1002e7e</run_address>
         <size>0xee</size>
         <input_file_ref idref="fl-29"/>
      </object_component>
      <object_component id="oc-7a9">
         <name>.text:xTaskPriorityInherit</name>
         <load_address>0x1002f6c</load_address>
         <run_address>0x1002f6c</run_address>
         <size>0xe8</size>
         <input_file_ref idref="fl-2a"/>
      </object_component>
      <object_component id="oc-8ca">
         <name>.text:xTaskPriorityDisinherit</name>
         <load_address>0x1003054</load_address>
         <run_address>0x1003054</run_address>
         <size>0xe0</size>
         <input_file_ref idref="fl-2a"/>
      </object_component>
      <object_component id="oc-cf">
         <name>.text:vTaskSwitchContext</name>
         <load_address>0x1003134</load_address>
         <run_address>0x1003134</run_address>
         <size>0xdc</size>
         <input_file_ref idref="fl-2a"/>
      </object_component>
      <object_component id="oc-646">
         <name>.text:xQueueReceiveFromISR</name>
         <load_address>0x1003210</load_address>
         <run_address>0x1003210</run_address>
         <size>0xd6</size>
         <input_file_ref idref="fl-29"/>
      </object_component>
      <object_component id="oc-80a">
         <name>.text:UARTCC32XX_write</name>
         <load_address>0x10032e6</load_address>
         <run_address>0x10032e6</run_address>
         <size>0xca</size>
         <input_file_ref idref="fl-1e"/>
      </object_component>
      <object_component id="oc-347">
         <name>.text:GPIO_init</name>
         <load_address>0x10033b0</load_address>
         <run_address>0x10033b0</run_address>
         <size>0xc4</size>
         <input_file_ref idref="fl-15"/>
      </object_component>
      <object_component id="oc-433">
         <name>.text:prvAddNewTaskToReadyList</name>
         <load_address>0x1003474</load_address>
         <run_address>0x1003474</run_address>
         <size>0xc4</size>
         <input_file_ref idref="fl-2a"/>
      </object_component>
      <object_component id="oc-a20">
         <name>.text:restoreParkedPins</name>
         <load_address>0x1003538</load_address>
         <run_address>0x1003538</run_address>
         <size>0xc0</size>
         <input_file_ref idref="fl-17"/>
      </object_component>
      <object_component id="oc-33a">
         <name>.text:xPortStartScheduler</name>
         <load_address>0x10035f8</load_address>
         <run_address>0x10035f8</run_address>
         <size>0xc0</size>
         <input_file_ref idref="fl-2c"/>
      </object_component>
      <object_component id="oc-72a">
         <name>.text:prvCopyDataToQueue</name>
         <load_address>0x10036b8</load_address>
         <run_address>0x10036b8</run_address>
         <size>0xbe</size>
         <input_file_ref idref="fl-29"/>
      </object_component>
      <object_component id="oc-822">
         <name>.text:DisplayUartMin_init</name>
         <load_address>0x1003776</load_address>
         <run_address>0x1003776</run_address>
         <size>0x2</size>
         <input_file_ref idref="fl-12"/>
      </object_component>
      <object_component id="oc-408">
         <name>.text:prvHeapInit</name>
         <load_address>0x1003778</load_address>
         <run_address>0x1003778</run_address>
         <size>0xbc</size>
         <input_file_ref idref="fl-28"/>
      </object_component>
      <object_component id="oc-7fe">
         <name>.text:UARTCC32XX_readPolling</name>
         <load_address>0x1003834</load_address>
         <run_address>0x1003834</run_address>
         <size>0xba</size>
         <input_file_ref idref="fl-1e"/>
      </object_component>
      <object_component id="oc-b13">
         <name>.text:IntDefaultHandler</name>
         <load_address>0x10038ee</load_address>
         <run_address>0x10038ee</run_address>
         <size>0x2</size>
         <input_file_ref idref="fl-34"/>
      </object_component>
      <object_component id="oc-6c">
         <name>.text</name>
         <load_address>0x10038f0</load_address>
         <run_address>0x10038f0</run_address>
         <size>0xba</size>
         <input_file_ref idref="fl-2d"/>
      </object_component>
      <object_component id="oc-6ec">
         <name>.text:PowerCC32XX_initPolicy</name>
         <load_address>0x10039aa</load_address>
         <run_address>0x10039aa</run_address>
         <size>0x2</size>
         <input_file_ref idref="fl-25"/>
      </object_component>
      <object_component id="oc-975">
         <name>.text:initHw</name>
         <load_address>0x10039ac</load_address>
         <run_address>0x10039ac</run_address>
         <size>0xb8</size>
         <input_file_ref idref="fl-1e"/>
      </object_component>
      <object_component id="oc-8ea">
         <name>.text:prvSwitchTimerLists</name>
         <load_address>0x1003a64</load_address>
         <run_address>0x1003a64</run_address>
         <size>0xb8</size>
         <input_file_ref idref="fl-2b"/>
      </object_component>
      <object_component id="oc-5ab">
         <name>.text:xQueueGenericReset</name>
         <load_address>0x1003b1c</load_address>
         <run_address>0x1003b1c</run_address>
         <size>0xb8</size>
         <input_file_ref idref="fl-29"/>
      </object_component>
      <object_component id="oc-b6c">
         <name>.text:formatNum</name>
         <load_address>0x1003bd4</load_address>
         <run_address>0x1003bd4</run_address>
         <size>0xb6</size>
         <input_file_ref idref="fl-27"/>
      </object_component>
      <object_component id="oc-aab">
         <name>.text:readTaskCallback</name>
         <load_address>0x1003c8a</load_address>
         <run_address>0x1003c8a</run_address>
         <size>0xb6</size>
         <input_file_ref idref="fl-1e"/>
      </object_component>
      <object_component id="oc-6c8">
         <name>.text:prvAddCurrentTaskToDelayedList</name>
         <load_address>0x1003d40</load_address>
         <run_address>0x1003d40</run_address>
         <size>0xb0</size>
         <input_file_ref idref="fl-2a"/>
      </object_component>
      <object_component id="oc-736">
         <name>.text:xTaskCheckForTimeOut</name>
         <load_address>0x1003df0</load_address>
         <run_address>0x1003df0</run_address>
         <size>0xb0</size>
         <input_file_ref idref="fl-2a"/>
      </object_component>
      <object_component id="oc-a9f">
         <name>.text:readIsrTextBlocking</name>
         <load_address>0x1003ea0</load_address>
         <run_address>0x1003ea0</run_address>
         <size>0xae</size>
         <input_file_ref idref="fl-1e"/>
      </object_component>
      <object_component id="oc-748">
         <name>.text:prvUnlockQueue</name>
         <load_address>0x1003f4e</load_address>
         <run_address>0x1003f4e</run_address>
         <size>0xaa</size>
         <input_file_ref idref="fl-29"/>
      </object_component>
      <object_component id="oc-a45">
         <name>.text:IntDisable</name>
         <load_address>0x1003ff8</load_address>
         <run_address>0x1003ff8</run_address>
         <size>0xa8</size>
         <input_file_ref idref="fl-34"/>
      </object_component>
      <object_component id="oc-a3">
         <name>.text:IntEnable</name>
         <load_address>0x10040a0</load_address>
         <run_address>0x10040a0</run_address>
         <size>0xa8</size>
         <input_file_ref idref="fl-34"/>
      </object_component>
      <object_component id="oc-587">
         <name>.text:PowerCC32XX_configureWakeup</name>
         <load_address>0x1004148</load_address>
         <run_address>0x1004148</run_address>
         <size>0xa8</size>
         <input_file_ref idref="fl-17"/>
      </object_component>
      <object_component id="oc-10c">
         <name>.text:main</name>
         <load_address>0x10041f0</load_address>
         <run_address>0x10041f0</run_address>
         <size>0xa8</size>
         <input_file_ref idref="fl-4"/>
      </object_component>
      <object_component id="oc-40e">
         <name>.text:prvInsertBlockIntoFreeList</name>
         <load_address>0x1004298</load_address>
         <run_address>0x1004298</run_address>
         <size>0xa8</size>
         <input_file_ref idref="fl-28"/>
      </object_component>
      <object_component id="oc-a99">
         <name>.text:readTaskBlocking</name>
         <load_address>0x1004340</load_address>
         <run_address>0x1004340</run_address>
         <size>0xa8</size>
         <input_file_ref idref="fl-1e"/>
      </object_component>
      <object_component id="oc-701">
         <name>.text:xTaskRemoveFromEventList</name>
         <load_address>0x10043e8</load_address>
         <run_address>0x10043e8</run_address>
         <size>0xa8</size>
         <input_file_ref idref="fl-2a"/>
      </object_component>
      <object_component id="oc-ab1">
         <name>.text:readIsrTextCallback</name>
         <load_address>0x1004490</load_address>
         <run_address>0x1004490</run_address>
         <size>0xa2</size>
         <input_file_ref idref="fl-1e"/>
      </object_component>
      <object_component id="oc-9ac">
         <name>.text:writeData</name>
         <load_address>0x1004532</load_address>
         <run_address>0x1004532</run_address>
         <size>0xa2</size>
         <input_file_ref idref="fl-1e"/>
      </object_component>
      <object_component id="oc-96f">
         <name>.text:ClockP_create</name>
         <load_address>0x10045d4</load_address>
         <run_address>0x10045d4</run_address>
         <size>0xa0</size>
         <input_file_ref idref="fl-23"/>
      </object_component>
      <object_component id="oc-34">
         <name>.text</name>
         <load_address>0x1004674</load_address>
         <run_address>0x1004674</run_address>
         <size>0x9c</size>
         <input_file_ref idref="fl-fc"/>
      </object_component>
      <object_component id="oc-300">
         <name>.text:vPortFree</name>
         <load_address>0x1004710</load_address>
         <run_address>0x1004710</run_address>
         <size>0x9c</size>
         <input_file_ref idref="fl-28"/>
      </object_component>
      <object_component id="oc-4ba">
         <name>.text:powerNotifyFxn</name>
         <load_address>0x10047ac</load_address>
         <run_address>0x10047ac</run_address>
         <size>0x98</size>
         <input_file_ref idref="fl-15"/>
      </object_component>
      <object_component id="oc-895">
         <name>.text</name>
         <load_address>0x1004844</load_address>
         <run_address>0x1004844</run_address>
         <size>0x96</size>
         <input_file_ref idref="fl-f4"/>
      </object_component>
      <object_component id="oc-7ec">
         <name>.text:UARTCC32XX_init</name>
         <load_address>0x10048da</load_address>
         <run_address>0x10048da</run_address>
         <size>0x2</size>
         <input_file_ref idref="fl-1e"/>
      </object_component>
      <object_component id="oc-183">
         <name>.text:vTaskStartScheduler</name>
         <load_address>0x10048dc</load_address>
         <run_address>0x10048dc</run_address>
         <size>0x94</size>
         <input_file_ref idref="fl-2a"/>
      </object_component>
      <object_component id="oc-a14">
         <name>.text:restoreNVICRegs</name>
         <load_address>0x1004970</load_address>
         <run_address>0x1004970</run_address>
         <size>0x90</size>
         <input_file_ref idref="fl-17"/>
      </object_component>
      <object_component id="oc-4d0">
         <name>.text:PinConfigSet</name>
         <load_address>0x1004a00</load_address>
         <run_address>0x1004a00</run_address>
         <size>0x88</size>
         <input_file_ref idref="fl-35"/>
      </object_component>
      <object_component id="oc-b72">
         <name>.text:__aeabi_cdcmple</name>
         <load_address>0x1004a88</load_address>
         <run_address>0x1004a88</run_address>
         <size>0x86</size>
         <input_file_ref idref="fl-f6"/>
      </object_component>
      <object_component id="oc-66">
         <name>.text:busFaultHandler</name>
         <load_address>0x1004b0e</load_address>
         <run_address>0x1004b0e</run_address>
         <size>0x2</size>
         <input_file_ref idref="fl-2e"/>
      </object_component>
      <object_component id="oc-3e9">
         <name>.text:Power_init</name>
         <load_address>0x1004b10</load_address>
         <run_address>0x1004b10</run_address>
         <size>0x84</size>
         <input_file_ref idref="fl-17"/>
      </object_component>
      <object_component id="oc-617">
         <name>.text:prvProcessTimerOrBlockTask</name>
         <load_address>0x1004b94</load_address>
         <run_address>0x1004b94</run_address>
         <size>0x84</size>
         <input_file_ref idref="fl-2b"/>
      </object_component>
      <object_component id="oc-a09">
         <name>.text:saveNVICRegs</name>
         <load_address>0x1004c18</load_address>
         <run_address>0x1004c18</run_address>
         <size>0x84</size>
         <input_file_ref idref="fl-17"/>
      </object_component>
      <object_component id="oc-77b">
         <name>.text:xTimerGenericCommand</name>
         <load_address>0x1004c9c</load_address>
         <run_address>0x1004c9c</run_address>
         <size>0x84</size>
         <input_file_ref idref="fl-2b"/>
      </object_component>
      <object_component id="oc-4ca">
         <name>.text:Power_setDependency</name>
         <load_address>0x1004d20</load_address>
         <run_address>0x1004d20</run_address>
         <size>0x80</size>
         <input_file_ref idref="fl-17"/>
      </object_component>
      <object_component id="oc-a93">
         <name>.text:readIsrBinaryBlocking</name>
         <load_address>0x1004da0</load_address>
         <run_address>0x1004da0</run_address>
         <size>0x7c</size>
         <input_file_ref idref="fl-1e"/>
      </object_component>
      <object_component id="oc-5e3">
         <name>.text:removeThreadKeys</name>
         <load_address>0x1004e1c</load_address>
         <run_address>0x1004e1c</run_address>
         <size>0x7a</size>
         <input_file_ref idref="fl-30"/>
      </object_component>
      <object_component id="oc-91">
         <name>.text</name>
         <load_address>0x1004e96</load_address>
         <run_address>0x1004e96</run_address>
         <size>0x7a</size>
         <input_file_ref idref="fl-ff"/>
      </object_component>
      <object_component id="oc-312">
         <name>.text:xTaskCreate</name>
         <load_address>0x1004f10</load_address>
         <run_address>0x1004f10</run_address>
         <size>0x7a</size>
         <input_file_ref idref="fl-2a"/>
      </object_component>
      <object_component id="oc-60">
         <name>.text:defaultHandler</name>
         <load_address>0x1004f8a</load_address>
         <run_address>0x1004f8a</run_address>
         <size>0x2</size>
         <input_file_ref idref="fl-2e"/>
      </object_component>
      <object_component id="oc-4f4">
         <name>.text:GPIO_hwiIntFxn</name>
         <load_address>0x1004f8c</load_address>
         <run_address>0x1004f8c</run_address>
         <size>0x78</size>
         <input_file_ref idref="fl-15"/>
      </object_component>
      <object_component id="oc-775">
         <name>.text:prvInsertTimerInActiveList</name>
         <load_address>0x1005004</load_address>
         <run_address>0x1005004</run_address>
         <size>0x78</size>
         <input_file_ref idref="fl-2b"/>
      </object_component>
      <object_component id="oc-aa5">
         <name>.text:readIsrBinaryCallback</name>
         <load_address>0x100507c</load_address>
         <run_address>0x100507c</run_address>
         <size>0x78</size>
         <input_file_ref idref="fl-1e"/>
      </object_component>
      <object_component id="oc-984">
         <name>.text:UARTCC32XX_hwiIntFxn</name>
         <load_address>0x10050f4</load_address>
         <run_address>0x10050f4</run_address>
         <size>0x74</size>
         <input_file_ref idref="fl-1e"/>
      </object_component>
      <object_component id="oc-5c6">
         <name>.text:prvInitialiseTaskLists</name>
         <load_address>0x1005168</load_address>
         <run_address>0x1005168</run_address>
         <size>0x74</size>
         <input_file_ref idref="fl-2a"/>
      </object_component>
      <object_component id="oc-790">
         <name>.text:vPortValidateInterruptPriority</name>
         <load_address>0x10051dc</load_address>
         <run_address>0x10051dc</run_address>
         <size>0x74</size>
         <input_file_ref idref="fl-2c"/>
      </object_component>
      <object_component id="oc-768">
         <name>.text:prvProcessExpiredTimer</name>
         <load_address>0x1005250</load_address>
         <run_address>0x1005250</run_address>
         <size>0x70</size>
         <input_file_ref idref="fl-2b"/>
      </object_component>
      <object_component id="oc-b27">
         <name>.text:setClockObjTimeout</name>
         <load_address>0x10052c0</load_address>
         <run_address>0x10052c0</run_address>
         <size>0x70</size>
         <input_file_ref idref="fl-23"/>
      </object_component>
      <object_component id="oc-18f">
         <name>.text:mainThread</name>
         <load_address>0x1005330</load_address>
         <run_address>0x1005330</run_address>
         <size>0x6a</size>
         <input_file_ref idref="fl-3"/>
      </object_component>
      <object_component id="oc-10">
         <name>.text:decompress:lzss:__TI_decompress_lzss</name>
         <load_address>0x100539a</load_address>
         <run_address>0x100539a</run_address>
         <size>0x68</size>
         <input_file_ref idref="fl-102"/>
      </object_component>
      <object_component id="oc-816">
         <name>.text:UARTCC32XX_writeCancel</name>
         <load_address>0x1005402</load_address>
         <run_address>0x1005402</run_address>
         <size>0x66</size>
         <input_file_ref idref="fl-1e"/>
      </object_component>
      <object_component id="oc-85a">
         <name>.text:vListInsert</name>
         <load_address>0x1005468</load_address>
         <run_address>0x1005468</run_address>
         <size>0x66</size>
         <input_file_ref idref="fl-32"/>
      </object_component>
      <object_component id="oc-2fa">
         <name>.text:xQueueGenericCreate</name>
         <load_address>0x10054ce</load_address>
         <run_address>0x10054ce</run_address>
         <size>0x66</size>
         <input_file_ref idref="fl-29"/>
      </object_component>
      <object_component id="oc-b55">
         <name>.text:ClockP_stop</name>
         <load_address>0x1005534</load_address>
         <run_address>0x1005534</run_address>
         <size>0x64</size>
         <input_file_ref idref="fl-23"/>
      </object_component>
      <object_component id="oc-397">
         <name>.text:GPIO_toggle</name>
         <load_address>0x1005598</load_address>
         <run_address>0x1005598</run_address>
         <size>0x64</size>
         <input_file_ref idref="fl-15"/>
      </object_component>
      <object_component id="oc-66f">
         <name>.text:PowerCC32XX_setParkState</name>
         <load_address>0x10055fc</load_address>
         <run_address>0x10055fc</run_address>
         <size>0x64</size>
         <input_file_ref idref="fl-17"/>
      </object_component>
      <object_component id="oc-479">
         <name>.text:prvGetExpectedIdleTime</name>
         <load_address>0x1005660</load_address>
         <run_address>0x1005660</run_address>
         <size>0x64</size>
         <input_file_ref idref="fl-2a"/>
      </object_component>
      <object_component id="oc-810">
         <name>.text:UARTCC32XX_writePolling</name>
         <load_address>0x10056c4</load_address>
         <run_address>0x10056c4</run_address>
         <size>0x62</size>
         <input_file_ref idref="fl-1e"/>
      </object_component>
      <object_component id="oc-5a">
         <name>.text:faultISR</name>
         <load_address>0x1005726</load_address>
         <run_address>0x1005726</run_address>
         <size>0x2</size>
         <input_file_ref idref="fl-2e"/>
      </object_component>
      <object_component id="oc-4dc">
         <name>.text:HwiP_create</name>
         <load_address>0x1005728</load_address>
         <run_address>0x1005728</run_address>
         <size>0x60</size>
         <input_file_ref idref="fl-24"/>
      </object_component>
      <object_component id="oc-55b">
         <name>.text:PRCMSysResetCauseGet</name>
         <load_address>0x1005788</load_address>
         <run_address>0x1005788</run_address>
         <size>0x60</size>
         <input_file_ref idref="fl-36"/>
      </object_component>
      <object_component id="oc-385">
         <name>.text:Display_doOpen</name>
         <load_address>0x10057e8</load_address>
         <run_address>0x10057e8</run_address>
         <size>0x5c</size>
         <input_file_ref idref="fl-11"/>
      </object_component>
      <object_component id="oc-359">
         <name>.text:GPIO_setCallback</name>
         <load_address>0x1005844</load_address>
         <run_address>0x1005844</run_address>
         <size>0x5c</size>
         <input_file_ref idref="fl-15"/>
      </object_component>
      <object_component id="oc-340">
         <name>.text:prvIdleTask</name>
         <load_address>0x10058a0</load_address>
         <run_address>0x10058a0</run_address>
         <size>0x5c</size>
         <input_file_ref idref="fl-2a"/>
      </object_component>
      <object_component id="oc-44f">
         <name>.text:pthread_exit</name>
         <load_address>0x10058fc</load_address>
         <run_address>0x10058fc</run_address>
         <size>0x5c</size>
         <input_file_ref idref="fl-30"/>
      </object_component>
      <object_component id="oc-189">
         <name>.text:secondThread</name>
         <load_address>0x1005958</load_address>
         <run_address>0x1005958</run_address>
         <size>0x5c</size>
         <input_file_ref idref="fl-3"/>
      </object_component>
      <object_component id="oc-76e">
         <name>.text:vQueueWaitForMessageRestricted</name>
         <load_address>0x10059b4</load_address>
         <run_address>0x10059b4</run_address>
         <size>0x5c</size>
         <input_file_ref idref="fl-29"/>
      </object_component>
      <object_component id="oc-520">
         <name>.text:vTaskDelay</name>
         <load_address>0x1005a10</load_address>
         <run_address>0x1005a10</run_address>
         <size>0x5c</size>
         <input_file_ref idref="fl-2a"/>
      </object_component>
      <object_component id="oc-b20">
         <name>.text:prvInitialiseNewTimer</name>
         <load_address>0x1005a6c</load_address>
         <run_address>0x1005a6c</run_address>
         <size>0x5a</size>
         <input_file_ref idref="fl-2b"/>
      </object_component>
      <object_component id="oc-54">
         <name>.text:nmiISR</name>
         <load_address>0x1005ac6</load_address>
         <run_address>0x1005ac6</run_address>
         <size>0x2</size>
         <input_file_ref idref="fl-2e"/>
      </object_component>
      <object_component id="oc-353">
         <name>.text:GPIO_write</name>
         <load_address>0x1005ac8</load_address>
         <run_address>0x1005ac8</run_address>
         <size>0x58</size>
         <input_file_ref idref="fl-15"/>
      </object_component>
      <object_component id="oc-574">
         <name>.text:PRCMPeripheralReset</name>
         <load_address>0x1005b20</load_address>
         <run_address>0x1005b20</run_address>
         <size>0x58</size>
         <input_file_ref idref="fl-36"/>
      </object_component>
      <object_component id="oc-92a">
         <name>.text:Power_releaseDependency</name>
         <load_address>0x1005b78</load_address>
         <run_address>0x1005b78</run_address>
         <size>0x58</size>
         <input_file_ref idref="fl-17"/>
      </object_component>
      <object_component id="oc-87d">
         <name>.text:eTaskConfirmSleepModeStatus</name>
         <load_address>0x1005bd0</load_address>
         <run_address>0x1005bd0</run_address>
         <size>0x58</size>
         <input_file_ref idref="fl-2a"/>
      </object_component>
      <object_component id="oc-469">
         <name>.text:vPortSetupTimerInterrupt</name>
         <load_address>0x1005c28</load_address>
         <run_address>0x1005c28</run_address>
         <size>0x58</size>
         <input_file_ref idref="fl-2c"/>
      </object_component>
      <object_component id="oc-a68">
         <name>.text:xQueueCreateCountingSemaphore</name>
         <load_address>0x1005c80</load_address>
         <run_address>0x1005c80</run_address>
         <size>0x58</size>
         <input_file_ref idref="fl-29"/>
      </object_component>
      <object_component id="oc-963">
         <name>.text:SemaphoreP_create</name>
         <load_address>0x1005cd8</load_address>
         <run_address>0x1005cd8</run_address>
         <size>0x56</size>
         <input_file_ref idref="fl-26"/>
      </object_component>
      <object_component id="oc-9f5">
         <name>.text</name>
         <load_address>0x1005d2e</load_address>
         <run_address>0x1005d2e</run_address>
         <size>0x2</size>
         <input_file_ref idref="fl-105"/>
      </object_component>
      <object_component id="oc-918">
         <name>.text:ClockP_delete</name>
         <load_address>0x1005d30</load_address>
         <run_address>0x1005d30</run_address>
         <size>0x54</size>
         <input_file_ref idref="fl-23"/>
      </object_component>
      <object_component id="oc-686">
         <name>.text:IntPrioritySet</name>
         <load_address>0x1005d84</load_address>
         <run_address>0x1005d84</run_address>
         <size>0x54</size>
         <input_file_ref idref="fl-34"/>
      </object_component>
      <object_component id="oc-b4f">
         <name>.text:ringBufGet</name>
         <load_address>0x1005dd8</load_address>
         <run_address>0x1005dd8</run_address>
         <size>0x54</size>
         <input_file_ref idref="fl-1e"/>
      </object_component>
      <object_component id="oc-334">
         <name>.text:xTimerCreateTimerTask</name>
         <load_address>0x1005e2c</load_address>
         <run_address>0x1005e2c</run_address>
         <size>0x54</size>
         <input_file_ref idref="fl-2b"/>
      </object_component>
      <object_component id="oc-aeb">
         <name>.text:PowerCC32XX_resumeLPDS</name>
         <load_address>0x1005e80</load_address>
         <run_address>0x1005e80</run_address>
         <size>0x52</size>
         <input_file_ref idref="fl-18"/>
      </object_component>
      <object_component id="oc-414">
         <name>.text:vApplicationMallocFailedHook</name>
         <load_address>0x1005ed2</load_address>
         <run_address>0x1005ed2</run_address>
         <size>0x2</size>
         <input_file_ref idref="fl-4"/>
      </object_component>
      <object_component id="oc-5bf">
         <name>.text:pxPortInitialiseStack</name>
         <load_address>0x1005ed4</load_address>
         <run_address>0x1005ed4</run_address>
         <size>0x50</size>
         <input_file_ref idref="fl-2c"/>
      </object_component>
      <object_component id="oc-35f">
         <name>.text:GPIO_enableInt</name>
         <load_address>0x1005f24</load_address>
         <run_address>0x1005f24</run_address>
         <size>0x4c</size>
         <input_file_ref idref="fl-15"/>
      </object_component>
      <object_component id="oc-ae2">
         <name>.text:PowerCC32XX_parkPin</name>
         <load_address>0x1005f70</load_address>
         <run_address>0x1005f70</run_address>
         <size>0x4c</size>
         <input_file_ref idref="fl-17"/>
      </object_component>
      <object_component id="oc-4c">
         <name>.text:initVectors</name>
         <load_address>0x1005fbc</load_address>
         <run_address>0x1005fbc</run_address>
         <size>0x4c</size>
         <input_file_ref idref="fl-2e"/>
      </object_component>
      <object_component id="oc-456">
         <name>.text:prvCheckForValidListAndQueue</name>
         <load_address>0x1006008</load_address>
         <run_address>0x1006008</run_address>
         <size>0x4c</size>
         <input_file_ref idref="fl-2b"/>
      </object_component>
      <object_component id="oc-473">
         <name>.text:prvCheckTasksWaitingTermination</name>
         <load_address>0x1006054</load_address>
         <run_address>0x1006054</run_address>
         <size>0x4c</size>
         <input_file_ref idref="fl-2a"/>
      </object_component>
      <object_component id="oc-a1a">
         <name>.text:restorePeriphClocks</name>
         <load_address>0x10060a0</load_address>
         <run_address>0x10060a0</run_address>
         <size>0x4c</size>
         <input_file_ref idref="fl-17"/>
      </object_component>
      <object_component id="oc-43a">
         <name>.text:vPortEnterCritical</name>
         <load_address>0x10060ec</load_address>
         <run_address>0x10060ec</run_address>
         <size>0x4c</size>
         <input_file_ref idref="fl-2c"/>
      </object_component>
      <object_component id="oc-828">
         <name>.text:DisplayUartMin_open</name>
         <load_address>0x1006138</load_address>
         <run_address>0x1006138</run_address>
         <size>0x4a</size>
         <input_file_ref idref="fl-12"/>
      </object_component>
      <object_component id="oc-b06">
         <name>.text:FlashDisable</name>
         <load_address>0x1006184</load_address>
         <run_address>0x1006184</run_address>
         <size>0x48</size>
         <input_file_ref idref="fl-3e"/>
      </object_component>
      <object_component id="oc-68f">
         <name>.text:HwiP_dispatch</name>
         <load_address>0x10061cc</load_address>
         <run_address>0x10061cc</run_address>
         <size>0x48</size>
         <input_file_ref idref="fl-24"/>
      </object_component>
      <object_component id="oc-a26">
         <name>.text:PRCMLPDSEnter</name>
         <load_address>0x1006214</load_address>
         <run_address>0x1006214</run_address>
         <size>0x48</size>
         <input_file_ref idref="fl-36"/>
      </object_component>
      <object_component id="oc-56e">
         <name>.text:PRCMPeripheralClkEnable</name>
         <load_address>0x100625c</load_address>
         <run_address>0x100625c</run_address>
         <size>0x48</size>
         <input_file_ref idref="fl-36"/>
      </object_component>
      <object_component id="oc-91e">
         <name>.text:Power_releaseConstraint</name>
         <load_address>0x10062a4</load_address>
         <run_address>0x10062a4</run_address>
         <size>0x48</size>
         <input_file_ref idref="fl-17"/>
      </object_component>
      <object_component id="oc-379">
         <name>.text:gpio_config_setup</name>
         <load_address>0x10062ec</load_address>
         <run_address>0x10062ec</run_address>
         <size>0x48</size>
         <input_file_ref idref="fl-5"/>
      </object_component>
      <object_component id="oc-b77">
         <name>.text</name>
         <load_address>0x1006334</load_address>
         <run_address>0x1006334</run_address>
         <size>0x48</size>
         <input_file_ref idref="fl-f8"/>
      </object_component>
      <object_component id="oc-39d">
         <name>.text:sleep</name>
         <load_address>0x100637c</load_address>
         <run_address>0x100637c</run_address>
         <size>0x48</size>
         <input_file_ref idref="fl-31"/>
      </object_component>
      <object_component id="oc-13e">
         <name>.text:uxListRemove</name>
         <load_address>0x10063c4</load_address>
         <run_address>0x10063c4</run_address>
         <size>0x48</size>
         <input_file_ref idref="fl-32"/>
      </object_component>
      <object_component id="oc-83a">
         <name>.text:DisplayUartMin_vprintf</name>
         <load_address>0x100640c</load_address>
         <run_address>0x100640c</run_address>
         <size>0x46</size>
         <input_file_ref idref="fl-12"/>
      </object_component>
      <object_component id="oc-b3c">
         <name>.text:RingBuf_put</name>
         <load_address>0x1006452</load_address>
         <run_address>0x1006452</run_address>
         <size>0x46</size>
         <input_file_ref idref="fl-21"/>
      </object_component>
      <object_component id="oc-af0">
         <name>.text:PRCMLPDSRestoreInfoSet</name>
         <load_address>0x1006498</load_address>
         <run_address>0x1006498</run_address>
         <size>0x44</size>
         <input_file_ref idref="fl-36"/>
      </object_component>
      <object_component id="oc-a0f">
         <name>.text:PowerCC32XX_enterLPDS</name>
         <load_address>0x10064dc</load_address>
         <run_address>0x10064dc</run_address>
         <size>0x44</size>
         <input_file_ref idref="fl-18"/>
      </object_component>
      <object_component id="oc-373">
         <name>.text:UART_init</name>
         <load_address>0x1006520</load_address>
         <run_address>0x1006520</run_address>
         <size>0x44</size>
         <input_file_ref idref="fl-1d"/>
      </object_component>
      <object_component id="oc-1ac">
         <name>.text:__TI_auto_init_nobinit_nopinit:__TI_auto_init_nobinit_nopinit</name>
         <load_address>0x1006564</load_address>
         <run_address>0x1006564</run_address>
         <size>0x44</size>
         <input_file_ref idref="fl-106"/>
      </object_component>
      <object_component id="oc-422">
         <name>.text:prvInitialiseNewQueue</name>
         <load_address>0x10065a8</load_address>
         <run_address>0x10065a8</run_address>
         <size>0x44</size>
         <input_file_ref idref="fl-29"/>
      </object_component>
      <object_component id="oc-b8b">
         <name>.text</name>
         <load_address>0x10065ec</load_address>
         <run_address>0x10065ec</run_address>
         <size>0x44</size>
         <input_file_ref idref="fl-f9"/>
      </object_component>
      <object_component id="oc-8b1">
         <name>.text:vTaskStepTick</name>
         <load_address>0x1006630</load_address>
         <run_address>0x1006630</run_address>
         <size>0x44</size>
         <input_file_ref idref="fl-2a"/>
      </object_component>
      <object_component id="oc-4c4">
         <name>.text:PinModeSet</name>
         <load_address>0x1006674</load_address>
         <run_address>0x1006674</run_address>
         <size>0x40</size>
         <input_file_ref idref="fl-35"/>
      </object_component>
      <object_component id="oc-99e">
         <name>.text:RingBuf_get</name>
         <load_address>0x10066b4</load_address>
         <run_address>0x10066b4</run_address>
         <size>0x40</size>
         <input_file_ref idref="fl-21"/>
      </object_component>
      <object_component id="oc-7f8">
         <name>.text:UARTCC32XX_read</name>
         <load_address>0x10066f4</load_address>
         <run_address>0x10066f4</run_address>
         <size>0x40</size>
         <input_file_ref idref="fl-1e"/>
      </object_component>
      <object_component id="oc-9be">
         <name>.text:UART_open</name>
         <load_address>0x1006734</load_address>
         <run_address>0x1006734</run_address>
         <size>0x40</size>
         <input_file_ref idref="fl-1d"/>
      </object_component>
      <object_component id="oc-bac">
         <name>.text</name>
         <load_address>0x1006774</load_address>
         <run_address>0x1006774</run_address>
         <size>0x40</size>
         <input_file_ref idref="fl-fe"/>
      </object_component>
      <object_component id="oc-8f1">
         <name>.text:vTaskPlaceOnEventListRestricted</name>
         <load_address>0x10067b4</load_address>
         <run_address>0x10067b4</run_address>
         <size>0x40</size>
         <input_file_ref idref="fl-2a"/>
      </object_component>
      <object_component id="oc-a7c">
         <name>.text:ClockP_callbackFxn</name>
         <load_address>0x10067f4</load_address>
         <run_address>0x10067f4</run_address>
         <size>0x3e</size>
         <input_file_ref idref="fl-23"/>
      </object_component>
      <object_component id="oc-5d7">
         <name>.text:pthread_setcancelstate</name>
         <load_address>0x1006832</load_address>
         <run_address>0x1006832</run_address>
         <size>0x3e</size>
         <input_file_ref idref="fl-30"/>
      </object_component>
      <object_component id="oc-871">
         <name>.text:PRCMSlowClkCtrFastGet</name>
         <load_address>0x1006870</load_address>
         <run_address>0x1006870</run_address>
         <size>0x3c</size>
         <input_file_ref idref="fl-36"/>
      </object_component>
      <object_component id="oc-943">
         <name>.text:Power_setConstraint</name>
         <load_address>0x10068ac</load_address>
         <run_address>0x10068ac</run_address>
         <size>0x3c</size>
         <input_file_ref idref="fl-17"/>
      </object_component>
      <object_component id="oc-796">
         <name>.text:prvCopyDataFromQueue</name>
         <load_address>0x10068e8</load_address>
         <run_address>0x10068e8</run_address>
         <size>0x3c</size>
         <input_file_ref idref="fl-29"/>
      </object_component>
      <object_component id="oc-138">
         <name>.text:prvResetNextTaskUnblockTime</name>
         <load_address>0x1006924</load_address>
         <run_address>0x1006924</run_address>
         <size>0x3c</size>
         <input_file_ref idref="fl-2a"/>
      </object_component>
      <object_component id="oc-8dc">
         <name>.text:pvTaskGetThreadLocalStoragePointer</name>
         <load_address>0x1006960</load_address>
         <run_address>0x1006960</run_address>
         <size>0x3c</size>
         <input_file_ref idref="fl-2a"/>
      </object_component>
      <object_component id="oc-144">
         <name>.text:vListInsertEnd</name>
         <load_address>0x100699c</load_address>
         <run_address>0x100699c</run_address>
         <size>0x3c</size>
         <input_file_ref idref="fl-32"/>
      </object_component>
      <object_component id="oc-38b">
         <name>.text:GPIO_read</name>
         <load_address>0x10069d8</load_address>
         <run_address>0x10069d8</run_address>
         <size>0x38</size>
         <input_file_ref idref="fl-15"/>
      </object_component>
      <object_component id="oc-a2c">
         <name>.text:PRCMLPDSEnterKeepDebugIf</name>
         <load_address>0x1006a10</load_address>
         <run_address>0x1006a10</run_address>
         <size>0x38</size>
         <input_file_ref idref="fl-36"/>
      </object_component>
      <object_component id="oc-9fd">
         <name>.text:notify</name>
         <load_address>0x1006a48</load_address>
         <run_address>0x1006a48</run_address>
         <size>0x38</size>
         <input_file_ref idref="fl-17"/>
      </object_component>
      <object_component id="oc-611">
         <name>.text:prvGetNextExpireTime</name>
         <load_address>0x1006a80</load_address>
         <run_address>0x1006a80</run_address>
         <size>0x38</size>
         <input_file_ref idref="fl-2b"/>
      </object_component>
      <object_component id="oc-709">
         <name>.text:prvTaskExitError</name>
         <load_address>0x1006ab8</load_address>
         <run_address>0x1006ab8</run_address>
         <size>0x38</size>
         <input_file_ref idref="fl-2c"/>
      </object_component>
      <object_component id="oc-804">
         <name>.text:UARTCC32XX_readCancel</name>
         <load_address>0x1006af0</load_address>
         <run_address>0x1006af0</run_address>
         <size>0x36</size>
         <input_file_ref idref="fl-1e"/>
      </object_component>
      <object_component id="oc-580">
         <name>.text:PinModeGet</name>
         <load_address>0x1006b28</load_address>
         <run_address>0x1006b28</run_address>
         <size>0x34</size>
         <input_file_ref idref="fl-35"/>
      </object_component>
      <object_component id="oc-930">
         <name>.text:PowerCC32XX_restoreParkState</name>
         <load_address>0x1006b5c</load_address>
         <run_address>0x1006b5c</run_address>
         <size>0x34</size>
         <input_file_ref idref="fl-17"/>
      </object_component>
      <object_component id="oc-49e">
         <name>.text:SemaphoreP_pend</name>
         <load_address>0x1006b90</load_address>
         <run_address>0x1006b90</run_address>
         <size>0x34</size>
         <input_file_ref idref="fl-26"/>
      </object_component>
      <object_component id="oc-766">
         <name>.text:prvSampleTimeNow</name>
         <load_address>0x1006bc4</load_address>
         <run_address>0x1006bc4</run_address>
         <size>0x34</size>
         <input_file_ref idref="fl-2b"/>
      </object_component>
      <object_component id="oc-742">
         <name>.text:vTaskPlaceOnEventList</name>
         <load_address>0x1006bf8</load_address>
         <run_address>0x1006bf8</run_address>
         <size>0x34</size>
         <input_file_ref idref="fl-2a"/>
      </object_component>
      <object_component id="oc-a70">
         <name>.text:xTimerCreate</name>
         <load_address>0x1006c2c</load_address>
         <run_address>0x1006c2c</run_address>
         <size>0x34</size>
         <input_file_ref idref="fl-2b"/>
      </object_component>
      <object_component id="oc-aff">
         <name>.text:PowerCC32XX_restoreParkedPin</name>
         <load_address>0x1006c60</load_address>
         <run_address>0x1006c60</run_address>
         <size>0x30</size>
         <input_file_ref idref="fl-17"/>
      </object_component>
      <object_component id="oc-5fc">
         <name>.text:vListInitialise</name>
         <load_address>0x1006c90</load_address>
         <run_address>0x1006c90</run_address>
         <size>0x30</size>
         <input_file_ref idref="fl-32"/>
      </object_component>
      <object_component id="oc-440">
         <name>.text:vPortExitCritical</name>
         <load_address>0x1006cc0</load_address>
         <run_address>0x1006cc0</run_address>
         <size>0x30</size>
         <input_file_ref idref="fl-2c"/>
      </object_component>
      <object_component id="oc-306">
         <name>.text:xTaskGetSchedulerState</name>
         <load_address>0x1006cf0</load_address>
         <run_address>0x1006cf0</run_address>
         <size>0x30</size>
         <input_file_ref idref="fl-2a"/>
      </object_component>
      <object_component id="oc-b66">
         <name>.text:putChar</name>
         <load_address>0x1006d20</load_address>
         <run_address>0x1006d20</run_address>
         <size>0x2e</size>
         <input_file_ref idref="fl-27"/>
      </object_component>
      <object_component id="oc-b2e">
         <name>.text:pvTimerGetTimerID</name>
         <load_address>0x1006d4e</load_address>
         <run_address>0x1006d4e</run_address>
         <size>0x2e</size>
         <input_file_ref idref="fl-2b"/>
      </object_component>
      <object_component id="oc-b7c">
         <name>.text</name>
         <load_address>0x1006d7c</load_address>
         <run_address>0x1006d7c</run_address>
         <size>0x2e</size>
         <input_file_ref idref="fl-fa"/>
      </object_component>
      <object_component id="oc-48c">
         <name>.text:HwiP_disable</name>
         <load_address>0x1006dac</load_address>
         <run_address>0x1006dac</run_address>
         <size>0x2c</size>
         <input_file_ref idref="fl-24"/>
      </object_component>
      <object_component id="oc-89a">
         <name>.text:PRCMLPDSIntervalSet</name>
         <load_address>0x1006dd8</load_address>
         <run_address>0x1006dd8</run_address>
         <size>0x2c</size>
         <input_file_ref idref="fl-36"/>
      </object_component>
      <object_component id="oc-957">
         <name>.text:PowerCC32XX_getParkState</name>
         <load_address>0x1006e04</load_address>
         <run_address>0x1006e04</run_address>
         <size>0x2c</size>
         <input_file_ref idref="fl-17"/>
      </object_component>
      <object_component id="oc-486">
         <name>.text:SemaphoreP_createBinary</name>
         <load_address>0x1006e30</load_address>
         <run_address>0x1006e30</run_address>
         <size>0x2c</size>
         <input_file_ref idref="fl-26"/>
      </object_component>
      <object_component id="oc-318">
         <name>.text:vTaskSetApplicationTaskTag</name>
         <load_address>0x1006e5c</load_address>
         <run_address>0x1006e5c</run_address>
         <size>0x2c</size>
         <input_file_ref idref="fl-2a"/>
      </object_component>
      <object_component id="oc-71">
         <name>.text:xPortSysTickHandler</name>
         <load_address>0x1006e88</load_address>
         <run_address>0x1006e88</run_address>
         <size>0x2c</size>
         <input_file_ref idref="fl-2c"/>
      </object_component>
      <object_component id="oc-720">
         <name>.text:xTaskGetApplicationTaskTag</name>
         <load_address>0x1006eb4</load_address>
         <run_address>0x1006eb4</run_address>
         <size>0x2c</size>
         <input_file_ref idref="fl-2a"/>
      </object_component>
      <object_component id="oc-391">
         <name>.text:Display_doPrintf</name>
         <load_address>0x1006ee0</load_address>
         <run_address>0x1006ee0</run_address>
         <size>0x2a</size>
         <input_file_ref idref="fl-11"/>
      </object_component>
      <object_component id="oc-640">
         <name>.text:HwiP_inISR</name>
         <load_address>0x1006f0c</load_address>
         <run_address>0x1006f0c</run_address>
         <size>0x28</size>
         <input_file_ref idref="fl-24"/>
      </object_component>
      <object_component id="oc-8a0">
         <name>.text:PRCMLPDSWakeupSourceEnable</name>
         <load_address>0x1006f34</load_address>
         <run_address>0x1006f34</run_address>
         <size>0x28</size>
         <input_file_ref idref="fl-36"/>
      </object_component>
      <object_component id="oc-57a">
         <name>.text:PRCMPeripheralClkDisable</name>
         <load_address>0x1006f5c</load_address>
         <run_address>0x1006f5c</run_address>
         <size>0x28</size>
         <input_file_ref idref="fl-36"/>
      </object_component>
      <object_component id="oc-4a4">
         <name>.text:Power_registerNotify</name>
         <load_address>0x1006f84</load_address>
         <run_address>0x1006f84</run_address>
         <size>0x28</size>
         <input_file_ref idref="fl-17"/>
      </object_component>
      <object_component id="oc-16b">
         <name>.text:pthread_attr_setschedparam</name>
         <load_address>0x1006fac</load_address>
         <run_address>0x1006fac</run_address>
         <size>0x28</size>
         <input_file_ref idref="fl-30"/>
      </object_component>
      <object_component id="oc-653">
         <name>.text:List_put</name>
         <load_address>0x1006fd4</load_address>
         <run_address>0x1006fd4</run_address>
         <size>0x26</size>
         <input_file_ref idref="fl-20"/>
      </object_component>
      <object_component id="oc-a57">
         <name>.text:List_remove</name>
         <load_address>0x1006ffa</load_address>
         <run_address>0x1006ffa</run_address>
         <size>0x26</size>
         <input_file_ref idref="fl-20"/>
      </object_component>
      <object_component id="oc-5dd">
         <name>.text:_pthread_cleanup_pop</name>
         <load_address>0x1007020</load_address>
         <run_address>0x1007020</run_address>
         <size>0x26</size>
         <input_file_ref idref="fl-30"/>
      </object_component>
      <object_component id="oc-73c">
         <name>.text:prvIsQueueFull</name>
         <load_address>0x1007046</load_address>
         <run_address>0x1007046</run_address>
         <size>0x26</size>
         <input_file_ref idref="fl-29"/>
      </object_component>
      <object_component id="oc-a4b">
         <name>.text:IntUnregister</name>
         <load_address>0x100706c</load_address>
         <run_address>0x100706c</run_address>
         <size>0x24</size>
         <input_file_ref idref="fl-34"/>
      </object_component>
      <object_component id="oc-b3">
         <name>.text:_c_int00_noargs:_c_int00_noargs</name>
         <load_address>0x1007090</load_address>
         <run_address>0x1007090</run_address>
         <size>0x24</size>
         <input_file_ref idref="fl-104"/>
      </object_component>
      <object_component id="oc-7af">
         <name>.text:prvGetDisinheritPriorityAfterTimeout</name>
         <load_address>0x10070b4</load_address>
         <run_address>0x10070b4</run_address>
         <size>0x24</size>
         <input_file_ref idref="fl-29"/>
      </object_component>
      <object_component id="oc-31e">
         <name>.text:vQueueDelete</name>
         <load_address>0x10070d8</load_address>
         <run_address>0x10070d8</run_address>
         <size>0x24</size>
         <input_file_ref idref="fl-29"/>
      </object_component>
      <object_component id="oc-730">
         <name>.text:vTaskInternalSetTimeOutState</name>
         <load_address>0x10070fc</load_address>
         <run_address>0x10070fc</run_address>
         <size>0x24</size>
         <input_file_ref idref="fl-2a"/>
      </object_component>
      <object_component id="oc-4aa">
         <name>.text:SemaphoreP_post</name>
         <load_address>0x1007120</load_address>
         <run_address>0x1007120</run_address>
         <size>0x22</size>
         <input_file_ref idref="fl-26"/>
      </object_component>
      <object_component id="oc-9cd">
         <name>.text:SystemP_vsnprintf</name>
         <load_address>0x1007142</load_address>
         <run_address>0x1007142</run_address>
         <size>0x22</size>
         <input_file_ref idref="fl-27"/>
      </object_component>
      <object_component id="oc-171">
         <name>.text:pthread_attr_setdetachstate</name>
         <load_address>0x1007164</load_address>
         <run_address>0x1007164</run_address>
         <size>0x22</size>
         <input_file_ref idref="fl-30"/>
      </object_component>
      <object_component id="oc-a83">
         <name>.text:ClockP_getCpuFreq</name>
         <load_address>0x1007188</load_address>
         <run_address>0x1007188</run_address>
         <size>0x20</size>
         <input_file_ref idref="fl-23"/>
      </object_component>
      <object_component id="oc-492">
         <name>.text:HwiP_restore</name>
         <load_address>0x10071a8</load_address>
         <run_address>0x10071a8</run_address>
         <size>0x20</size>
         <input_file_ref idref="fl-24"/>
      </object_component>
      <object_component id="oc-680">
         <name>.text:IntRegister</name>
         <load_address>0x10071c8</load_address>
         <run_address>0x10071c8</run_address>
         <size>0x20</size>
         <input_file_ref idref="fl-34"/>
      </object_component>
      <object_component id="oc-924">
         <name>.text:Power_unregisterNotify</name>
         <load_address>0x10071e8</load_address>
         <run_address>0x10071e8</run_address>
         <size>0x20</size>
         <input_file_ref idref="fl-17"/>
      </object_component>
      <object_component id="oc-93d">
         <name>.text:RingBuf_peek</name>
         <load_address>0x1007208</load_address>
         <run_address>0x1007208</run_address>
         <size>0x20</size>
         <input_file_ref idref="fl-21"/>
      </object_component>
      <object_component id="oc-951">
         <name>.text:getPowerMgrId</name>
         <load_address>0x1007228</load_address>
         <run_address>0x1007228</run_address>
         <size>0x20</size>
         <input_file_ref idref="fl-1e"/>
      </object_component>
      <object_component id="oc-7a3">
         <name>.text:prvIsQueueEmpty</name>
         <load_address>0x1007248</load_address>
         <run_address>0x1007248</run_address>
         <size>0x20</size>
[...]
         <value>0x1002c95</value>
         <object_component_ref idref="oc-5f5"/>
      </symbol>
      <symbol id="sm-e22">
         <name>xTaskGetApplicationTaskTag</name>
         <value>0x1006eb5</value>
         <object_component_ref idref="oc-720"/>
      </symbol>
      <symbol id="sm-e23">
         <name>pxCurrentTCB</name>
         <value>0x200095e8</value>
         <object_component_ref idref="oc-c9"/>
      </symbol>
      <symbol id="sm-e24">
         <name>vTaskSuspend</name>
         <value>0x1002b99</value>
         <object_component_ref idref="oc-5ef"/>
      </symbol>
      <symbol id="sm-e25">
         <name>vTaskPlaceOnEventListRestricted</name>
         <value>0x10067b5</value>
         <object_component_ref idref="oc-8f1"/>
      </symbol>
      <symbol id="sm-e26">
         <name>xTaskIncrementTick</name>
         <value>0x10021c5</value>
         <object_component_ref idref="oc-d6"/>
      </symbol>
      <symbol id="sm-e27">
         <name>vTaskSwitchContext</name>
         <value>0x1003135</value>
         <object_component_ref idref="oc-cf"/>
      </symbol>
      <symbol id="sm-e28">
         <name>xTaskGetSchedulerState</name>
         <value>0x1006cf1</value>
         <object_component_ref idref="oc-306"/>
      </symbol>
      <symbol id="sm-e29">
         <name>xTaskGetCurrentTaskHandle</name>
         <value>0x100751d</value>
         <object_component_ref idref="oc-71a"/>
      </symbol>
      <symbol id="sm-e2a">
         <name>xTaskRemoveFromEventList</name>
         <value>0x10043e9</value>
         <object_component_ref idref="oc-701"/>
      </symbol>
      <symbol id="sm-e2b">
         <name>eTaskConfirmSleepModeStatus</name>
         <value>0x1005bd1</value>
         <object_component_ref idref="oc-87d"/>
      </symbol>
      <symbol id="sm-e2c">
         <name>xTaskPriorityInherit</name>
         <value>0x1002f6d</value>
         <object_component_ref idref="oc-7a9"/>
      </symbol>
      <symbol id="sm-f24">
         <name>xTimerCreateTimerTask</name>
         <value>0x1005e2d</value>
         <object_component_ref idref="oc-334"/>
      </symbol>
      <symbol id="sm-f25">
         <name>xTimerCreate</name>
         <value>0x1006c2d</value>
         <object_component_ref idref="oc-a70"/>
      </symbol>
      <symbol id="sm-f26">
         <name>xTimerGenericCommand</name>
         <value>0x1004c9d</value>
         <object_component_ref idref="oc-77b"/>
      </symbol>
      <symbol id="sm-f27">
         <name>pvTimerGetTimerID</name>
         <value>0x1006d4f</value>
         <object_component_ref idref="oc-b2e"/>
      </symbol>
      <symbol id="sm-fbb">
         <name>ulMaxSyscallInterruptPriority</name>
         <value>0x1007b64</value>
         <object_component_ref idref="oc-cc"/>
      </symbol>
      <symbol id="sm-fbc">
         <name>vPortSetupTimerInterrupt</name>
         <value>0x1005c29</value>
         <object_component_ref idref="oc-469"/>
      </symbol>
      <symbol id="sm-fbd">
         <name>xPortSysTickHandler</name>
         <value>0x1006e89</value>
         <object_component_ref idref="oc-71"/>
      </symbol>
      <symbol id="sm-fbe">
         <name>vPortValidateInterruptPriority</name>
         <value>0x10051dd</value>
         <object_component_ref idref="oc-790"/>
      </symbol>
      <symbol id="sm-fbf">
         <name>pxPortInitialiseStack</name>
         <value>0x1005ed5</value>
         <object_component_ref idref="oc-5bf"/>
      </symbol>
      <symbol id="sm-fc0">
         <name>vPortExitCritical</name>
         <value>0x1006cc1</value>
         <object_component_ref idref="oc-440"/>
      </symbol>
      <symbol id="sm-fc1">
         <name>xPortStartScheduler</name>
         <value>0x10035f9</value>
         <object_component_ref idref="oc-33a"/>
      </symbol>
      <symbol id="sm-fc2">
         <name>vPortEnterCritical</name>
         <value>0x10060ed</value>
         <object_component_ref idref="oc-43a"/>
      </symbol>
      <symbol id="sm-fd1">
         <name>vPortStartFirstTask</name>
         <value>0x1003989</value>
         <object_component_ref idref="oc-6c"/>
      </symbol>
      <symbol id="sm-fd2">
         <name>ulPortGetIPSR</name>
         <value>0x1003901</value>
         <object_component_ref idref="oc-6c"/>
      </symbol>
      <symbol id="sm-fd3">
         <name>xPortPendSVHandler</name>
         <value>0x1003919</value>
         <object_component_ref idref="oc-6c"/>
      </symbol>
      <symbol id="sm-fd4">
         <name>vPortSVCHandler</name>
         <value>0x1003965</value>
         <object_component_ref idref="oc-6c"/>
      </symbol>
      <symbol id="sm-102a">
         <name>resetISR</name>
         <value>0x1007451</value>
         <object_component_ref idref="oc-1d"/>
      </symbol>
      <symbol id="sm-102b">
         <name>resetVectorAddr</name>
         <value>0x1007460</value>
         <object_component_ref idref="oc-1d"/>
      </symbol>
      <symbol id="sm-102c">
         <name>initVectors</name>
         <value>0x1005fbd</value>
         <object_component_ref idref="oc-4c"/>
      </symbol>
      <symbol id="sm-102d">
         <name>resetVectors</name>
         <value>0x1000800</value>
         <object_component_ref idref="oc-23"/>
      </symbol>
      <symbol id="sm-103b">
         <name>PTLS_taskDeleteHook</name>
         <value>0x1007335</value>
         <object_component_ref idref="oc-750"/>
      </symbol>
      <symbol id="sm-10e2">
         <name>pthread_create</name>
         <value>0x100208d</value>
         <object_component_ref idref="oc-17d"/>
      </symbol>
      <symbol id="sm-10e3">
         <name>pthread_attr_init</name>
         <value>0x10072fd</value>
         <object_component_ref idref="oc-165"/>
      </symbol>
      <symbol id="sm-10e4">
         <name>pthread_self</name>
         <value>0x10074cd</value>
         <object_component_ref idref="oc-5d1"/>
      </symbol>
      <symbol id="sm-10e5">
         <name>pthread_attr_setschedparam</name>
         <value>0x1006fad</value>
         <object_component_ref idref="oc-16b"/>
      </symbol>
      <symbol id="sm-10e6">
         <name>pthread_attr_setdetachstate</name>
         <value>0x1007165</value>
         <object_component_ref idref="oc-171"/>
      </symbol>
      <symbol id="sm-10e7">
         <name>pthread_attr_setstacksize</name>
         <value>0x10074b9</value>
         <object_component_ref idref="oc-177"/>
      </symbol>
      <symbol id="sm-10e8">
         <name>pthread_setcancelstate</name>
         <value>0x1006833</value>
         <object_component_ref idref="oc-5d7"/>
      </symbol>
      <symbol id="sm-10e9">
         <name>_pthread_cleanup_pop</name>
         <value>0x1007021</value>
         <object_component_ref idref="oc-5dd"/>
      </symbol>
      <symbol id="sm-10ea">
         <name>pthread_exit</name>
         <value>0x10058fd</value>
         <object_component_ref idref="oc-44f"/>
      </symbol>
      <symbol id="sm-10f8">
         <name>sleep</name>
         <value>0x100637d</value>
         <object_component_ref idref="oc-39d"/>
      </symbol>
      <symbol id="sm-112a">
         <name>uxListRemove</name>
         <value>0x10063c5</value>
         <object_component_ref idref="oc-13e"/>
      </symbol>
      <symbol id="sm-112b">
         <name>vListInsert</name>
         <value>0x1005469</value>
         <object_component_ref idref="oc-85a"/>
      </symbol>
      <symbol id="sm-112c">
         <name>vListInitialiseItem</name>
         <value>0x10075a9</value>
         <object_component_ref idref="oc-5b9"/>
      </symbol>
      <symbol id="sm-112d">
         <name>vListInsertEnd</name>
         <value>0x100699d</value>
         <object_component_ref idref="oc-144"/>
      </symbol>
      <symbol id="sm-112e">
         <name>vListInitialise</name>
         <value>0x1006c91</value>
         <object_component_ref idref="oc-5fc"/>
      </symbol>
      <symbol id="sm-11a6">
         <name>IntPrioritySet</name>
         <value>0x1005d85</value>
         <object_component_ref idref="oc-686"/>
      </symbol>
      <symbol id="sm-11a7">
         <name>IntVTableBaseSet</name>
         <value>0x100747d</value>
         <object_component_ref idref="oc-97"/>
      </symbol>
      <symbol id="sm-11a8">
         <name>IntEnable</name>
         <value>0x10040a1</value>
         <object_component_ref idref="oc-a3"/>
      </symbol>
      <symbol id="sm-11a9">
         <name>IntDisable</name>
         <value>0x1003ff9</value>
         <object_component_ref idref="oc-a45"/>
      </symbol>
      <symbol id="sm-11aa">
         <name>IntRegister</name>
         <value>0x10071c9</value>
         <object_component_ref idref="oc-680"/>
      </symbol>
      <symbol id="sm-11ab">
         <name>IntUnregister</name>
         <value>0x100706d</value>
         <object_component_ref idref="oc-a4b"/>
      </symbol>
      <symbol id="sm-11ac">
         <name>IntMasterEnable</name>
         <value>0x1007665</value>
         <object_component_ref idref="oc-9d"/>
      </symbol>
      <symbol id="sm-11e6">
         <name>PinModeGet</name>
         <value>0x1006b29</value>
         <object_component_ref idref="oc-580"/>
      </symbol>
      <symbol id="sm-11e7">
         <name>PinConfigSet</name>
         <value>0x1004a01</value>
         <object_component_ref idref="oc-4d0"/>
      </symbol>
      <symbol id="sm-11e8">
         <name>PinModeSet</name>
         <value>0x1006675</value>
         <object_component_ref idref="oc-4c4"/>
      </symbol>
      <symbol id="sm-11e9">
         <name>PinToPadGet</name>
         <value>0x10072e1</value>
         <object_component_ref idref="oc-936"/>
      </symbol>
      <symbol id="sm-12db">
         <name>PRCMLPDSWakeupSourceEnable</name>
         <value>0x1006f35</value>
         <object_component_ref idref="oc-8a0"/>
      </symbol>
      <symbol id="sm-12dc">
         <name>PRCMLPDSRestoreInfoSet</name>
         <value>0x1006499</value>
         <object_component_ref idref="oc-af0"/>
      </symbol>
      <symbol id="sm-12dd">
         <name>PRCMPeripheralReset</name>
         <value>0x1005b21</value>
         <object_component_ref idref="oc-574"/>
      </symbol>
      <symbol id="sm-12de">
         <name>PRCMLPDSEnter</name>
         <value>0x1006215</value>
         <object_component_ref idref="oc-a26"/>
      </symbol>
      <symbol id="sm-12df">
         <name>PRCMPeripheralClkEnable</name>
         <value>0x100625d</value>
         <object_component_ref idref="oc-56e"/>
      </symbol>
      <symbol id="sm-12e0">
         <name>PRCMSlowClkCtrFastGet</name>
         <value>0x1006871</value>
         <object_component_ref idref="oc-871"/>
      </symbol>
      <symbol id="sm-12e1">
         <name>PRCMLPDSEnterKeepDebugIf</name>
         <value>0x1006a11</value>
         <object_component_ref idref="oc-a2c"/>
      </symbol>
      <symbol id="sm-12e2">
         <name>PRCMCC3200MCUInit</name>
         <value>0x1000ce5</value>
         <object_component_ref idref="oc-3e3"/>
      </symbol>
      <symbol id="sm-12e3">
         <name>PRCMHIBRegWrite</name>
         <value>0x1007423</value>
         <object_component_ref idref="oc-562"/>
      </symbol>
      <symbol id="sm-12e4">
         <name>PRCMLPDSIntervalSet</name>
         <value>0x1006dd9</value>
         <object_component_ref idref="oc-89a"/>
      </symbol>
      <symbol id="sm-12e5">
         <name>PRCMSysResetCauseGet</name>
         <value>0x1005789</value>
         <object_component_ref idref="oc-55b"/>
      </symbol>
      <symbol id="sm-12e6">
         <name>PRCMSleepEnter</name>
         <value>0x100769f</value>
         <object_component_ref idref="oc-8b7"/>
      </symbol>
      <symbol id="sm-12e7">
         <name>PRCMPeripheralClkDisable</name>
         <value>0x1006f5d</value>
         <object_component_ref idref="oc-57a"/>
      </symbol>
      <symbol id="sm-12e8">
         <name>PRCMHIBRegRead</name>
         <value>0x100740d</value>
         <object_component_ref idref="oc-568"/>
      </symbol>
      <symbol id="sm-12ff">
         <name>SysTickEnable</name>
         <value>0x1007589</value>
         <object_component_ref idref="oc-883"/>
      </symbol>
      <symbol id="sm-1300">
         <name>SysTickDisable</name>
         <value>0x1007579</value>
         <object_component_ref idref="oc-877"/>
      </symbol>
      <symbol id="sm-1315">
         <name>UARTBusy</name>
         <value>0x1007381</value>
         <object_component_ref idref="oc-9a6"/>
      </symbol>
      <symbol id="sm-1316">
         <name>UARTIntEnable</name>
         <value>0x1007399</value>
         <object_component_ref idref="oc-ac6"/>
      </symbol>
      <symbol id="sm-131b">
         <name>UtilsDelay</name>
         <value>0x10076c9</value>
         <object_component_ref idref="oc-561"/>
      </symbol>
      <symbol id="sm-132d">
         <name>CPUcpsie</name>
         <value>0x1007467</value>
         <object_component_ref idref="oc-f9"/>
      </symbol>
      <symbol id="sm-132e">
         <name>CPUwfi</name>
         <value>0x100761b</value>
         <object_component_ref idref="oc-a35"/>
      </symbol>
      <symbol id="sm-133e">
         <name>FlashDisable</name>
         <value>0x1006185</value>
         <object_component_ref idref="oc-b06"/>
      </symbol>
      <symbol id="sm-134b">
         <name>__aeabi_uldivmod</name>
         <value>0x1004845</value>
         <object_component_ref idref="oc-895"/>
      </symbol>
      <symbol id="sm-1362">
         <name>__aeabi_dsub</name>
         <value>0x10018e9</value>
         <object_component_ref idref="oc-b81"/>
      </symbol>
      <symbol id="sm-1363">
         <name>__aeabi_dadd</name>
         <value>0x10018f3</value>
         <object_component_ref idref="oc-b81"/>
      </symbol>
      <symbol id="sm-1375">
         <name>__aeabi_cdcmpeq</name>
         <value>0x1004a89</value>
         <object_component_ref idref="oc-b72"/>
      </symbol>
      <symbol id="sm-1376">
         <name>__aeabi_cdcmple</name>
         <value>0x1004a89</value>
         <object_component_ref idref="oc-b72"/>
      </symbol>
      <symbol id="sm-1381">
         <name>__aeabi_dmul</name>
         <value>0x1002a9b</value>
         <object_component_ref idref="oc-b86"/>
      </symbol>
      <symbol id="sm-138b">
         <name>__aeabi_d2iz</name>
         <value>0x1006335</value>
         <object_component_ref idref="oc-b77"/>
      </symbol>
      <symbol id="sm-1395">
         <name>__aeabi_d2uiz</name>
         <value>0x10065ed</value>
         <object_component_ref idref="oc-b8b"/>
      </symbol>
      <symbol id="sm-139f">
         <name>__aeabi_i2d</name>
         <value>0x1006d7d</value>
         <object_component_ref idref="oc-b7c"/>
      </symbol>
      <symbol id="sm-13a8">
         <name>__aeabi_lmul</name>
         <value>0x10073c9</value>
         <object_component_ref idref="oc-8ac"/>
      </symbol>
      <symbol id="sm-13c3">
         <name>memcpy</name>
         <value>0x1004675</value>
         <object_component_ref idref="oc-34"/>
      </symbol>
      <symbol id="sm-13c4">
         <name>__aeabi_memcpy</name>
         <value>0x1004675</value>
         <object_component_ref idref="oc-34"/>
      </symbol>
      <symbol id="sm-13c5">
         <name>__aeabi_memcpy8</name>
         <value>0x1004675</value>
         <object_component_ref idref="oc-34"/>
      </symbol>
      <symbol id="sm-13c6">
         <name>__aeabi_memcpy4</name>
         <value>0x1004675</value>
         <object_component_ref idref="oc-34"/>
      </symbol>
      <symbol id="sm-13d6">
         <name>__aeabi_uidivmod</name>
         <value>0x1006775</value>
         <object_component_ref idref="oc-bac"/>
      </symbol>
      <symbol id="sm-13d7">
         <name>__aeabi_uidiv</name>
         <value>0x1006775</value>
         <object_component_ref idref="oc-bac"/>
      </symbol>
      <symbol id="sm-13e6">
         <name>__aeabi_memset</name>
         <value>0x1004e99</value>
         <object_component_ref idref="oc-91"/>
      </symbol>
      <symbol id="sm-13e7">
         <name>memset</name>
         <value>0x1004e9f</value>
         <object_component_ref idref="oc-91"/>
      </symbol>
      <symbol id="sm-13e8">
         <name>__aeabi_memset8</name>
         <value>0x1004e99</value>
         <object_component_ref idref="oc-91"/>
      </symbol>
      <symbol id="sm-13e9">
         <name>__aeabi_memset4</name>
         <value>0x1004e99</value>
         <object_component_ref idref="oc-91"/>
      </symbol>
      <symbol id="sm-13ea">
         <name>__aeabi_memclr8</name>
         <value>0x1004e97</value>
         <object_component_ref idref="oc-91"/>
      </symbol>
      <symbol id="sm-13eb">
         <name>__aeabi_memclr4</name>
         <value>0x1004e97</value>
         <object_component_ref idref="oc-91"/>
      </symbol>
      <symbol id="sm-13ec">
         <name>__aeabi_memclr</name>
         <value>0x1004e97</value>
         <object_component_ref idref="oc-91"/>
      </symbol>
      <symbol id="sm-13fe">
         <name>__TI_zero_init</name>
         <value>0x1007641</value>
         <object_component_ref idref="oc-46"/>
      </symbol>
      <symbol id="sm-1415">
         <name>__TI_decompress_none</name>
         <value>0x10075e5</value>
         <object_component_ref idref="oc-16"/>
      </symbol>
      <symbol id="sm-1438">
         <name>__TI_decompress_lzss</name>
         <value>0x100539b</value>
         <object_component_ref idref="oc-10"/>
      </symbol>
      <symbol id="sm-1446">
         <name>strlen</name>
         <value>0x10074f5</value>
         <object_component_ref idref="oc-9d3"/>
      </symbol>
      <symbol id="sm-1458">
         <name>__stack</name>
         <value>0x2003fc00</value>
         <object_component_ref idref="oc-26"/>
      </symbol>
      <symbol id="sm-1459">
         <name>_c_int00_noargs</name>
         <value>0x1007091</value>
         <object_component_ref idref="oc-b3"/>
      </symbol>
      <symbol id="sm-1463">
         <name>__aeabi_idiv0</name>
         <value>0x1005d2f</value>
         <object_component_ref idref="oc-9f5"/>
      </symbol>
      <symbol id="sm-1464">
         <name>__aeabi_ldiv0</name>
         <value>0x1005d2f</value>
         <object_component_ref idref="oc-9f5"/>
      </symbol>
      <symbol id="sm-148c">
         <name>__TI_auto_init_nobinit_nopinit</name>
         <value>0x1006565</value>
         <object_component_ref idref="oc-1ac"/>
      </symbol>
      <symbol id="sm-1496">
         <name>_system_pre_init</name>
         <value>0x10076cf</value>
         <object_component_ref idref="oc-106"/>
      </symbol>
      <symbol id="sm-14a2">
         <name>C$$EXIT</name>
         <value>0x10076d3</value>
         <object_component_ref idref="oc-1a0"/>
      </symbol>
      <symbol id="sm-14a3">
         <name>abort</name>
         <value>0x10076d3</value>
         <object_component_ref idref="oc-1a0"/>
      </symbol>
      <symbol id="sm-14a6">
         <name>__TI_static_base__</name>
         <value>0x1007ba0</value>
      </symbol>
      <symbol id="sm-14a9">
         <name>__mpu_init</name>
         <value>0x0</value>
      </symbol>
      <symbol id="sm-14aa">
         <name>_system_post_cinit</name>
         <value>0x0</value>
      </symbol>
   </symbol_table>
   <title>Link successful</title>
</link_info>
